Component: ARM Compiler 5.06 update 6 (build 750) Tool: armlink [4d35ed]

==============================================================================

Section Cross References

    startup_stm32f103xb.o(STACK) refers (Special) to heapauxi.o(.text) for __use_two_region_memory
    startup_stm32f103xb.o(HEAP) refers (Special) to heapauxi.o(.text) for __use_two_region_memory
    startup_stm32f103xb.o(RESET) refers (Special) to heapauxi.o(.text) for __use_two_region_memory
    startup_stm32f103xb.o(RESET) refers to startup_stm32f103xb.o(STACK) for __initial_sp
    startup_stm32f103xb.o(RESET) refers to startup_stm32f103xb.o(.text) for Reset_Handler
    startup_stm32f103xb.o(RESET) refers to stm32f1xx_it.o(i.NMI_Handler) for NMI_Handler
    startup_stm32f103xb.o(RESET) refers to stm32f1xx_it.o(i.HardFault_Handler) for HardFault_Handler
    startup_stm32f103xb.o(RESET) refers to stm32f1xx_it.o(i.MemManage_Handler) for MemManage_Handler
    startup_stm32f103xb.o(RESET) refers to stm32f1xx_it.o(i.BusFault_Handler) for BusFault_Handler
    startup_stm32f103xb.o(RESET) refers to stm32f1xx_it.o(i.UsageFault_Handler) for UsageFault_Handler
    startup_stm32f103xb.o(RESET) refers to stm32f1xx_it.o(i.SVC_Handler) for SVC_Handler
    startup_stm32f103xb.o(RESET) refers to stm32f1xx_it.o(i.DebugMon_Handler) for DebugMon_Handler
    startup_stm32f103xb.o(RESET) refers to stm32f1xx_it.o(i.PendSV_Handler) for PendSV_Handler
    startup_stm32f103xb.o(RESET) refers to stm32f1xx_it.o(i.SysTick_Handler) for SysTick_Handler
    startup_stm32f103xb.o(RESET) refers to stm32f1xx_it.o(i.EXTI2_IRQHandler) for EXTI2_IRQHandler
    startup_stm32f103xb.o(RESET) refers to stm32f1xx_it.o(i.USART1_IRQHandler) for USART1_IRQHandler
    startup_stm32f103xb.o(.text) refers (Special) to heapauxi.o(.text) for __use_two_region_memory
    startup_stm32f103xb.o(.text) refers to system_stm32f1xx.o(i.SystemInit) for SystemInit
    startup_stm32f103xb.o(.text) refers to __main.o(!!!main) for __main
    startup_stm32f103xb.o(.text) refers to startup_stm32f103xb.o(HEAP) for Heap_Mem
    startup_stm32f103xb.o(.text) refers to startup_stm32f103xb.o(STACK) for Stack_Mem
    main.o(i.ADC_Read_Manual) refers to stm32f1xx_hal_adc.o(i.HAL_ADC_ConfigChannel) for HAL_ADC_ConfigChannel
    main.o(i.ADC_Read_Manual) refers to stm32f1xx_hal_adc.o(i.HAL_ADC_Start) for HAL_ADC_Start
    main.o(i.ADC_Read_Manual) refers to stm32f1xx_hal_adc.o(i.HAL_ADC_PollForConversion) for HAL_ADC_PollForConversion
    main.o(i.ADC_Read_Manual) refers to stm32f1xx_hal_adc.o(i.HAL_ADC_Stop) for HAL_ADC_Stop
    main.o(i.ADC_Read_Manual) refers to stm32f1xx_hal_adc.o(i.HAL_ADC_GetValue) for HAL_ADC_GetValue
    main.o(i.ADC_Read_Manual) refers to main.o(.bss) for .bss
    main.o(i.Convert_ADC_to_Amper) refers to fflt_clz.o(x$fpl$ffltu) for __aeabi_ui2f
    main.o(i.Convert_ADC_to_Amper) refers to fmul.o(x$fpl$fmul) for __aeabi_fmul
    main.o(i.Convert_ADC_to_Amper) refers to fdiv.o(x$fpl$fdiv) for __aeabi_fdiv
    main.o(i.HAL_UART_RxCpltCallback) refers to stm32f1xx_hal_uart.o(i.HAL_UART_Receive_IT) for HAL_UART_Receive_IT
    main.o(i.HAL_UART_RxCpltCallback) refers to main.o(.data) for .data
    main.o(i.HAL_UART_RxCpltCallback) refers to main.o(.bss) for .bss
    main.o(i.MX_ADC1_Init) refers to stm32f1xx_hal_adc.o(i.HAL_ADC_Init) for HAL_ADC_Init
    main.o(i.MX_ADC1_Init) refers to stm32f1xx_hal_adc.o(i.HAL_ADC_ConfigChannel) for HAL_ADC_ConfigChannel
    main.o(i.MX_ADC1_Init) refers to main.o(.bss) for .bss
    main.o(i.MX_ADC2_Init) refers to stm32f1xx_hal_adc.o(i.HAL_ADC_Init) for HAL_ADC_Init
    main.o(i.MX_ADC2_Init) refers to stm32f1xx_hal_adc.o(i.HAL_ADC_ConfigChannel) for HAL_ADC_ConfigChannel
    main.o(i.MX_ADC2_Init) refers to main.o(.bss) for .bss
    main.o(i.MX_GPIO_Init) refers to stm32f1xx_hal_gpio.o(i.HAL_GPIO_WritePin) for HAL_GPIO_WritePin
    main.o(i.MX_GPIO_Init) refers to stm32f1xx_hal_gpio.o(i.HAL_GPIO_Init) for HAL_GPIO_Init
    main.o(i.MX_GPIO_Init) refers to stm32f1xx_hal_cortex.o(i.HAL_NVIC_SetPriority) for HAL_NVIC_SetPriority
    main.o(i.MX_GPIO_Init) refers to stm32f1xx_hal_cortex.o(i.HAL_NVIC_EnableIRQ) for HAL_NVIC_EnableIRQ
    main.o(i.MX_TIM2_Init) refers to rt_memclr_w.o(.text) for __aeabi_memclr4
    main.o(i.MX_TIM2_Init) refers to stm32f1xx_hal_tim.o(i.HAL_TIM_Base_Init) for HAL_TIM_Base_Init
    main.o(i.MX_TIM2_Init) refers to stm32f1xx_hal_tim.o(i.HAL_TIM_ConfigClockSource) for HAL_TIM_ConfigClockSource
    main.o(i.MX_TIM2_Init) refers to stm32f1xx_hal_tim.o(i.HAL_TIM_PWM_Init) for HAL_TIM_PWM_Init
    main.o(i.MX_TIM2_Init) refers to stm32f1xx_hal_tim_ex.o(i.HAL_TIMEx_MasterConfigSynchronization) for HAL_TIMEx_MasterConfigSynchronization
    main.o(i.MX_TIM2_Init) refers to stm32f1xx_hal_tim.o(i.HAL_TIM_PWM_ConfigChannel) for HAL_TIM_PWM_ConfigChannel
    main.o(i.MX_TIM2_Init) refers to stm32f1xx_hal_msp.o(i.HAL_TIM_MspPostInit) for HAL_TIM_MspPostInit
    main.o(i.MX_TIM2_Init) refers to main.o(.bss) for .bss
[...]
    i.TIM_TI2_ConfigInputStage               0x0800450a   Section        0  stm32f1xx_hal_tim.o(i.TIM_TI2_ConfigInputStage)
    TIM_TI2_ConfigInputStage                 0x0800450b   Thumb Code    36  stm32f1xx_hal_tim.o(i.TIM_TI2_ConfigInputStage)
    i.UART_DMAAbortOnError                   0x0800452e   Section        0  stm32f1xx_hal_uart.o(i.UART_DMAAbortOnError)
    UART_DMAAbortOnError                     0x0800452f   Thumb Code    16  stm32f1xx_hal_uart.o(i.UART_DMAAbortOnError)
    i.UART_EndRxTransfer                     0x0800453e   Section        0  stm32f1xx_hal_uart.o(i.UART_EndRxTransfer)
    UART_EndRxTransfer                       0x0800453f   Thumb Code    78  stm32f1xx_hal_uart.o(i.UART_EndRxTransfer)
    i.UART_Receive_IT                        0x0800458c   Section        0  stm32f1xx_hal_uart.o(i.UART_Receive_IT)
    UART_Receive_IT                          0x0800458d   Thumb Code   194  stm32f1xx_hal_uart.o(i.UART_Receive_IT)
    i.UART_SetConfig                         0x08004650   Section        0  stm32f1xx_hal_uart.o(i.UART_SetConfig)
    UART_SetConfig                           0x08004651   Thumb Code   178  stm32f1xx_hal_uart.o(i.UART_SetConfig)
    i.UART_Start_Receive_IT                  0x08004708   Section        0  stm32f1xx_hal_uart.o(i.UART_Start_Receive_IT)
    i.UART_WaitOnFlagUntilTimeout            0x0800473e   Section        0  stm32f1xx_hal_uart.o(i.UART_WaitOnFlagUntilTimeout)
    UART_WaitOnFlagUntilTimeout              0x0800473f   Thumb Code   114  stm32f1xx_hal_uart.o(i.UART_WaitOnFlagUntilTimeout)
    i.USART1_IRQHandler                      0x080047b0   Section        0  stm32f1xx_it.o(i.USART1_IRQHandler)
    i.Update_CurrentFeedback                 0x080047bc   Section        0  main.o(i.Update_CurrentFeedback)
    i.UsageFault_Handler                     0x08004820   Section        0  stm32f1xx_it.o(i.UsageFault_Handler)
    i.__ARM_fpclassify                       0x08004822   Section        0  fpclassify.o(i.__ARM_fpclassify)
    i.__NVIC_SetPriority                     0x0800484a   Section        0  stm32f1xx_hal_cortex.o(i.__NVIC_SetPriority)
    __NVIC_SetPriority                       0x0800484b   Thumb Code    32  stm32f1xx_hal_cortex.o(i.__NVIC_SetPriority)
    i.__mathlib_dbl_overflow                 0x0800486a   Section        0  dunder.o(i.__mathlib_dbl_overflow)
    i.__mathlib_dbl_underflow                0x08004878   Section        0  dunder.o(i.__mathlib_dbl_underflow)
    i.__mathlib_narrow                       0x08004888   Section        0  narrow.o(i.__mathlib_narrow)
    i.__mathlib_tofloat                      0x08004898   Section        0  narrow.o(i.__mathlib_tofloat)
    i.__support_ldexp                        0x08004954   Section        0  ldexp.o(i.__support_ldexp)
    i._is_digit                              0x0800496a   Section        0  __printf_wp.o(i._is_digit)
    i.atof                                   0x08004978   Section        0  atof.o(i.atof)
    i.frexp                                  0x080049a4   Section        0  frexp.o(i.frexp)
    i.handle_simple_command                  0x080049fc   Section        0  main.o(i.handle_simple_command)
    i.ldexp                                  0x08004aac   Section        0  ldexp.o(i.ldexp)
    i.main                                   0x08004b20   Section        0  main.o(i.main)
    locale$$code                             0x08004dd8   Section       44  lc_numeric_c.o(locale$$code)
    locale$$code                             0x08004e04   Section       44  lc_ctype_c.o(locale$$code)
    x$fpl$d2f                                0x08004e30   Section       98  d2f.o(x$fpl$d2f)
    x$fpl$dcheck1                            0x08004e94   Section       16  dcheck1.o(x$fpl$dcheck1)
    x$fpl$dcmpinf                            0x08004ea4   Section       24  dcmpi.o(x$fpl$dcmpinf)
    x$fpl$deqf                               0x08004ebc   Section      120  deqf.o(x$fpl$deqf)
    x$fpl$dfixu                              0x08004f34   Section       90  dfixu.o(x$fpl$dfixu)
    x$fpl$dleqf                              0x08004f90   Section      120  dleqf.o(x$fpl$dleqf)
    x$fpl$dnaninf                            0x08005008   Section      156  dnaninf.o(x$fpl$dnaninf)
    x$fpl$dretinf                            0x080050a4   Section       12  dretinf.o(x$fpl$dretinf)
    x$fpl$drleqf                             0x080050b0   Section      108  drleqf.o(x$fpl$drleqf)
    x$fpl$f2d                                0x0800511c   Section       86  f2d.o(x$fpl$f2d)
    x$fpl$fadd                               0x08005174   Section      196  faddsub_clz.o(x$fpl$fadd)
    _fadd1                                   0x08005183   Thumb Code     0  faddsub_clz.o(x$fpl$fadd)
    x$fpl$fcheck1                            0x08005238   Section       12  fcheck1.o(x$fpl$fcheck1)
    x$fpl$fcmpinf                            0x08005244   Section       24  fcmpi.o(x$fpl$fcmpinf)
    x$fpl$fdiv                               0x0800525c   Section      388  fdiv.o(x$fpl$fdiv)
    _fdiv1                                   0x0800525d   Thumb Code     0  fdiv.o(x$fpl$fdiv)
    x$fpl$ffixu                              0x080053e0   Section       62  ffixu.o(x$fpl$ffixu)
    x$fpl$fflt                               0x08005420   Section       48  fflt_clz.o(x$fpl$fflt)
    x$fpl$ffltu                              0x08005450   Section       38  fflt_clz.o(x$fpl$ffltu)
    x$fpl$fleqf                              0x08005478   Section      104  fleqf.o(x$fpl$fleqf)
    x$fpl$fmul                               0x080054e0   Section      258  fmul.o(x$fpl$fmul)
    x$fpl$fnaninf                            0x080055e2   Section      140  fnaninf.o(x$fpl$fnaninf)
    x$fpl$fretinf                            0x0800566e   Section       10  fretinf.o(x$fpl$fretinf)
    x$fpl$frleqf                             0x08005678   Section       98  frleqf.o(x$fpl$frleqf)
    x$fpl$fsub                               0x080056dc   Section      234  faddsub_clz.o(x$fpl$fsub)
    _fsub1                                   0x080056eb   Thumb Code     0  faddsub_clz.o(x$fpl$fsub)
    x$fpl$ieeestatus                         0x080057c6   Section        6  istatus.o(x$fpl$ieeestatus)
    x$fpl$printf1                            0x080057cc   Section        4  printf1.o(x$fpl$printf1)
    x$fpl$retnan                             0x080057d0   Section      100  retnan.o(x$fpl$retnan)
    x$fpl$scalbn                             0x08005834   Section       92  scalbn.o(x$fpl$scalbn)
    x$fpl$scalbnf                            0x08005890   Section       76  scalbnf.o(x$fpl$scalbnf)
    x$fpl$scanf1                             0x080058dc   Section        4  scanf1.o(x$fpl$scanf1)
    x$fpl$scanf2                             0x080058e0   Section        8  scanf2.o(x$fpl$scanf2)
    x$fpl$trapveneer                         0x080058e8   Section       48  trapv.o(x$fpl$trapveneer)
    .constdata                               0x08005918   Section       18  stm32f1xx_hal_rcc.o(.constdata)
    x$fpl$usenofp                            0x08005918   Section        0  usenofp.o(x$fpl$usenofp)
    aPredivFactorTable                       0x08005918   Data           2  stm32f1xx_hal_rcc.o(.constdata)
    aPLLMULFactorTable                       0x0800591a   Data          16  stm32f1xx_hal_rcc.o(.constdata)
    .constdata                               0x0800592a   Section       18  stm32f1xx_hal_rcc_ex.o(.constdata)
    aPredivFactorTable                       0x0800592a   Data           2  stm32f1xx_hal_rcc_ex.o(.constdata)
    aPLLMULFactorTable                       0x0800592c   Data          16  stm32f1xx_hal_rcc_ex.o(.constdata)
    .constdata                               0x0800593c   Section       16  system_stm32f1xx.o(.constdata)
    .constdata                               0x0800594c   Section        8  system_stm32f1xx.o(.constdata)
    .constdata                               0x08005954   Section      148  bigflt0.o(.constdata)
    tenpwrs_x                                0x08005954   Data          60  bigflt0.o(.constdata)
    tenpwrs_i                                0x08005990   Data          64  bigflt0.o(.constdata)
    c$$dinf                                  0x08005a08   Section        8  fpconst.o(c$$dinf)
    c$$dmax                                  0x08005a10   Section        8  fpconst.o(c$$dmax)
    locale$$data                             0x08005a18   Section       28  lc_numeric_c.o(locale$$data)
    __lcnum_c_name                           0x08005a1c   Data           2  lc_numeric_c.o(locale$$data)
    __lcnum_c_start                          0x08005a24   Data           0  lc_numeric_c.o(locale$$data)
    __lcnum_c_point                          0x08005a30   Data           0  lc_numeric_c.o(locale$$data)
    __lcnum_c_thousands                      0x08005a32   Data           0  lc_numeric_c.o(locale$$data)
    __lcnum_c_grouping                       0x08005a33   Data           0  lc_numeric_c.o(locale$$data)
    locale$$data                             0x08005a34   Section      272  lc_ctype_c.o(locale$$data)
    __lcnum_c_end                            0x08005a34   Data           0  lc_numeric_c.o(locale$$data)
    __lcctype_c_name                         0x08005a38   Data           2  lc_ctype_c.o(locale$$data)
    __lcctype_c_start                        0x08005a40   Data           0  lc_ctype_c.o(locale$$data)
    __lcctype_c_end                          0x08005b44   Data           0  lc_ctype_c.o(locale$$data)
    .data                                    0x20000000   Section       60  main.o(.data)
    last_pid_time                            0x2000001c   Data           4  main.o(.data)
    .data                                    0x2000003c   Section       12  stm32f1xx_hal.o(.data)
    .data                                    0x20000048   Section        4  system_stm32f1xx.o(.data)
    .data                                    0x2000004c   Section       16  encoder.o(.data)
    last_counter                             0x2000004c   Data           2  encoder.o(.data)
    total_pulses                             0x20000050   Data           4  encoder.o(.data)
    current_mm                               0x20000054   Data           4  encoder.o(.data)
    encoder_htim                             0x20000058   Data           4  encoder.o(.data)
    .bss                                     0x2000005c   Section      448  main.o(.bss)
    .bss                                     0x2000021c   Section       96  libspace.o(.bss)
    HEAP                                     0x20000280   Section      512  startup_stm32f103xb.o(HEAP)
    Heap_Mem                                 0x20000280   Data         512  startup_stm32f103xb.o(HEAP)
    STACK                                    0x20000480   Section     1024  startup_stm32f103xb.o(STACK)
    Stack_Mem                                0x20000480   Data        1024  startup_stm32f103xb.o(STACK)
    __initial_sp                             0x20000880   Data           0  startup_stm32f103xb.o(STACK)

    Global Symbols

    Symbol Name                              Value     Ov Type        Size  Object(Section)

    BuildAttributes$$THM_ISAv4$P$D$K$B$S$PE$A:L22UL41UL21$X:L11$S22US41US21$IEEE1$IW$USESV6$~STKCKD$USESV7$~SHL$OTIME$ROPI$IEEEX$EBA8$UX$STANDARDLIB$REQ8$PRES8$EABIv2 0x00000000   Number         0  anon$$obj.o ABSOLUTE
    __ARM_use_no_argv                        0x00000000   Number         0  main.o ABSOLUTE
    _printf_flags                            0x00000000   Number         0  printf_stubs.o ABSOLUTE
    _printf_return_value                     0x00000000   Number         0  printf_stubs.o ABSOLUTE
    _printf_sizespec                         0x00000000   Number         0  printf_stubs.o ABSOLUTE
    _printf_widthprec                        0x00000000   Number         0  printf_stubs.o ABSOLUTE
    __ARM_exceptions_init                     - Undefined Weak Reference
    __alloca_initialize                       - Undefined Weak Reference
    __arm_preinit_                            - Undefined Weak Reference
    __cpp_initialize__aeabi_                  - Undefined Weak Reference
    __cxa_finalize                            - Undefined Weak Reference
    __sigvec_lookup                           - Undefined Weak Reference
    _atexit_init                              - Undefined Weak Reference
    _call_atexit_fns                          - Undefined Weak Reference
    _clock_init                               - Undefined Weak Reference
    _fp_trap_init                             - Undefined Weak Reference
    _fp_trap_shutdown                         - Undefined Weak Reference
    _get_lc_collate                           - Undefined Weak Reference
    _get_lc_monetary                          - Undefined Weak Reference
    _get_lc_time                              - Undefined Weak Reference
    _getenv_init                              - Undefined Weak Reference
    _handle_redirection                       - Undefined Weak Reference
    _init_alloc                               - Undefined Weak Reference
    _init_user_alloc                          - Undefined Weak Reference
    _initio                                   - Undefined Weak Reference
    _printf_post_padding                      - Undefined Weak Reference
    _printf_pre_padding                       - Undefined Weak Reference
    _printf_truncate_signed                   - Undefined Weak Reference
    _printf_truncate_unsigned                 - Undefined Weak Reference
    _rand_init                                - Undefined Weak Reference
    _scanf_int                                - Undefined Weak Reference
    _scanf_longlong                           - Undefined Weak Reference
    _scanf_mbtowc                             - Undefined Weak Reference
    _scanf_string                             - Undefined Weak Reference
    _scanf_wctomb                             - Undefined Weak Reference
    _scanf_wstring                            - Undefined Weak Reference
    _signal_finish                            - Undefined Weak Reference
    _signal_init                              - Undefined Weak Reference
    _terminate_alloc                          - Undefined Weak Reference
    _terminate_user_alloc                     - Undefined Weak Reference
    _terminateio                              - Undefined Weak Reference
    __Vectors_Size                           0x000000ec   Number         0  startup_stm32f103xb.o ABSOLUTE
    __Vectors                                0x08000000   Data           4  startup_stm32f103xb.o(RESET)
    __Vectors_End                            0x080000ec   Data           0  startup_stm32f103xb.o(RESET)
    __main                                   0x080000ed   Thumb Code     8  __main.o(!!!main)
    __scatterload                            0x080000f5   Thumb Code     0  __scatter.o(!!!scatter)
    __scatterload_rt2                        0x080000f5   Thumb Code    44  __scatter.o(!!!scatter)
    __scatterload_rt2_thumb_only             0x080000f5   Thumb Code     0  __scatter.o(!!!scatter)
    __scatterload_null                       0x08000103   Thumb Code     0  __scatter.o(!!!scatter)
    __scatterload_copy                       0x08000129   Thumb Code    26  __scatter_copy.o(!!handler_copy)
    __scatterload_zeroinit                   0x08000145   Thumb Code    28  __scatter_zi.o(!!handler_zi)
    _printf_f                                0x08000161   Thumb Code     0  _printf_f.o(.ARM.Collect$$_printf_percent$$00000003)
    _printf_percent                          0x08000161   Thumb Code     0  _printf_percent.o(.ARM.Collect$$_printf_percent$$00000000)
    _printf_d                                0x08000167   Thumb Code     0  _printf_d.o(.ARM.Collect$$_printf_percent$$00000009)
    _printf_percent_end                      0x0800016d   Thumb Code     0  _printf_percent_end.o(.ARM.Collect$$_printf_percent$$00000017)
    __rt_lib_init                            0x08000171   Thumb Code     0  libinit.o(.ARM.Collect$$libinit$$00000000)
    __rt_lib_init_fp_1                       0x08000173   Thumb Code     0  libinit2.o(.ARM.Collect$$libinit$$00000002)
    __rt_lib_init_heap_1                     0x08000173   Thumb Code     0  libinit2.o(.ARM.Collect$$libinit$$0000000A)
    __rt_lib_init_lc_common                  0x08000173   Thumb Code     0  libinit2.o(.ARM.Collect$$libinit$$0000000F)
    __rt_lib_init_preinit_1                  0x08000173   Thumb Code     0  libinit2.o(.ARM.Collect$$libinit$$00000004)
    __rt_lib_init_rand_1                     0x08000173   Thumb Code     0  libinit2.o(.ARM.Collect$$libinit$$0000000E)
    __rt_lib_init_user_alloc_1               0x08000173   Thumb Code     0  libinit2.o(.ARM.Collect$$libinit$$0000000C)
    __rt_lib_init_lc_collate_1               0x08000179   Thumb Code     0  libinit2.o(.ARM.Collect$$libinit$$00000011)
    __rt_lib_init_lc_ctype_2                 0x08000179   Thumb Code     0  libinit2.o(.ARM.Collect$$libinit$$00000012)
    __rt_lib_init_lc_ctype_1                 0x08000185   Thumb Code     0  libinit2.o(.ARM.Collect$$libinit$$00000013)
    __rt_lib_init_lc_monetary_1              0x08000185   Thumb Code     0  libinit2.o(.ARM.Collect$$libinit$$00000015)
    __rt_lib_init_lc_numeric_2               0x08000185   Thumb Code     0  libinit2.o(.ARM.Collect$$libinit$$00000016)
    __rt_lib_init_alloca_1                   0x0800018f   Thumb Code     0  libinit2.o(.ARM.Collect$$libinit$$0000002E)
    __rt_lib_init_argv_1                     0x0800018f   Thumb Code     0  libinit2.o(.ARM.Collect$$libinit$$0000002C)
    __rt_lib_init_atexit_1                   0x0800018f   Thumb Code     0  libinit2.o(.ARM.Collect$$libinit$$0000001B)
    __rt_lib_init_clock_1                    0x0800018f   Thumb Code     0  libinit2.o(.ARM.Collect$$libinit$$00000021)
    __rt_lib_init_cpp_1                      0x0800018f   Thumb Code     0  libinit2.o(.ARM.Collect$$libinit$$00000032)
    __rt_lib_init_exceptions_1               0x0800018f   Thumb Code     0  libinit2.o(.ARM.Collect$$libinit$$00000030)
    __rt_lib_init_fp_trap_1                  0x0800018f   Thumb Code     0  libinit2.o(.ARM.Collect$$libinit$$0000001F)
    __rt_lib_init_getenv_1                   0x0800018f   Thumb Code     0  libinit2.o(.ARM.Collect$$libinit$$00000023)
    __rt_lib_init_lc_numeric_1               0x0800018f   Thumb Code     0  libinit2.o(.ARM.Collect$$libinit$$00000017)
    __rt_lib_init_lc_time_1                  0x0800018f   Thumb Code     0  libinit2.o(.ARM.Collect$$libinit$$00000019)
    __rt_lib_init_return                     0x0800018f   Thumb Code     0  libinit2.o(.ARM.Collect$$libinit$$00000033)
    __rt_lib_init_signal_1                   0x0800018f   Thumb Code     0  libinit2.o(.ARM.Collect$$libinit$$0000001D)
    __rt_lib_init_stdio_1                    0x0800018f   Thumb Code     0  libinit2.o(.ARM.Collect$$libinit$$00000025)
    __rt_lib_shutdown                        0x08000191   Thumb Code     0  libshutdown.o(.ARM.Collect$$libshutdown$$00000000)
    __rt_lib_shutdown_cpp_1                  0x08000193   Thumb Code     0  libshutdown2.o(.ARM.Collect$$libshutdown$$00000002)
    __rt_lib_shutdown_fp_trap_1              0x08000193   Thumb Code     0  libshutdown2.o(.ARM.Collect$$libshutdown$$00000007)
    __rt_lib_shutdown_heap_1                 0x08000193   Thumb Code     0  libshutdown2.o(.ARM.Collect$$libshutdown$$0000000F)
    __rt_lib_shutdown_return                 0x08000193   Thumb Code     0  libshutdown2.o(.ARM.Collect$$libshutdown$$00000010)
    __rt_lib_shutdown_signal_1               0x08000193   Thumb Code     0  libshutdown2.o(.ARM.Collect$$libshutdown$$0000000A)
    __rt_lib_shutdown_stdio_1                0x08000193   Thumb Code     0  libshutdown2.o(.ARM.Collect$$libshutdown$$00000004)
    __rt_lib_shutdown_user_alloc_1           0x08000193   Thumb Code     0  libshutdown2.o(.ARM.Collect$$libshutdown$$0000000C)
    __rt_entry                               0x08000195   Thumb Code     0  __rtentry.o(.ARM.Collect$$rtentry$$00000000)
    __rt_entry_presh_1                       0x08000195   Thumb Code     0  __rtentry2.o(.ARM.Collect$$rtentry$$00000002)
    __rt_entry_sh                            0x08000195   Thumb Code     0  __rtentry4.o(.ARM.Collect$$rtentry$$00000004)
    __rt_entry_li                            0x0800019b   Thumb Code     0  __rtentry2.o(.ARM.Collect$$rtentry$$0000000A)
    __rt_entry_postsh_1                      0x0800019b   Thumb Code     0  __rtentry2.o(.ARM.Collect$$rtentry$$00000009)
    __rt_entry_main                          0x0800019f   Thumb Code     0  __rtentry2.o(.ARM.Collect$$rtentry$$0000000D)
    __rt_entry_postli_1                      0x0800019f   Thumb Code     0  __rtentry2.o(.ARM.Collect$$rtentry$$0000000C)
    __rt_exit                                0x080001a7   Thumb Code     0  rtexit.o(.ARM.Collect$$rtexit$$00000000)
    __rt_exit_ls                             0x080001a9   Thumb Code     0  rtexit2.o(.ARM.Collect$$rtexit$$00000003)
    __rt_exit_prels_1                        0x080001a9   Thumb Code     0  rtexit2.o(.ARM.Collect$$rtexit$$00000002)
    __rt_exit_exit                           0x080001ad   Thumb Code     0  rtexit2.o(.ARM.Collect$$rtexit$$00000004)
    Reset_Handler                            0x080001b5   Thumb Code     8  startup_stm32f103xb.o(.text)
    ADC1_2_IRQHandler                        0x080001cf   Thumb Code     0  startup_stm32f103xb.o(.text)
    CAN1_RX1_IRQHandler                      0x080001cf   Thumb Code     0  startup_stm32f103xb.o(.text)
    CAN1_SCE_IRQHandler                      0x080001cf   Thumb Code     0  startup_stm32f103xb.o(.text)
    DMA1_Channel1_IRQHandler                 0x080001cf   Thumb Code     0  startup_stm32f103xb.o(.text)
    DMA1_Channel2_IRQHandler                 0x080001cf   Thumb Code     0  startup_stm32f103xb.o(.text)
    DMA1_Channel3_IRQHandler                 0x080001cf   Thumb Code     0  startup_stm32f103xb.o(.text)
    DMA1_Channel4_IRQHandler                 0x080001cf   Thumb Code     0  startup_stm32f103xb.o(.text)
    DMA1_Channel5_IRQHandler                 0x080001cf   Thumb Code     0  startup_stm32f103xb.o(.text)
    DMA1_Channel6_IRQHandler                 0x080001cf   Thumb Code     0  startup_stm32f103xb.o(.text)
    DMA1_Channel7_IRQHandler                 0x080001cf   Thumb Code     0  startup_stm32f103xb.o(.text)
    EXTI0_IRQHandler                         0x080001cf   Thumb Code     0  startup_stm32f103xb.o(.text)
    EXTI15_10_IRQHandler                     0x080001cf   Thumb Code     0  startup_stm32f103xb.o(.text)
    EXTI1_IRQHandler                         0x080001cf   Thumb Code     0  startup_stm32f103xb.o(.text)
    EXTI3_IRQHandler                         0x080001cf   Thumb Code     0  startup_stm32f103xb.o(.text)
    EXTI4_IRQHandler                         0x080001cf   Thumb Code     0  startup_stm32f103xb.o(.text)
    EXTI9_5_IRQHandler                       0x080001cf   Thumb Code     0  startup_stm32f103xb.o(.text)
    FLASH_IRQHandler                         0x080001cf   Thumb Code     0  startup_stm32f103xb.o(.text)
    I2C1_ER_IRQHandler                       0x080001cf   Thumb Code     0  startup_stm32f103xb.o(.text)
    I2C1_EV_IRQHandler                       0x080001cf   Thumb Code     0  startup_stm32f103xb.o(.text)
    I2C2_ER_IRQHandler                       0x080001cf   Thumb Code     0  startup_stm32f103xb.o(.text)
    I2C2_EV_IRQHandler                       0x080001cf   Thumb Code     0  startup_stm32f103xb.o(.text)
    PVD_IRQHandler                           0x080001cf   Thumb Code     0  startup_stm32f103xb.o(.text)
    RCC_IRQHandler                           0x080001cf   Thumb Code     0  startup_stm32f103xb.o(.text)
    RTC_Alarm_IRQHandler                     0x080001cf   Thumb Code     0  startup_stm32f103xb.o(.text)
    RTC_IRQHandler                           0x080001cf   Thumb Code     0  startup_stm32f103xb.o(.text)
    SPI1_IRQHandler                          0x080001cf   Thumb Code     0  startup_stm32f103xb.o(.text)
    SPI2_IRQHandler                          0x080001cf   Thumb Code     0  startup_stm32f103xb.o(.text)
    TAMPER_IRQHandler                        0x080001cf   Thumb Code     0  startup_stm32f103xb.o(.text)
    TIM1_BRK_IRQHandler                      0x080001cf   Thumb Code     0  startup_stm32f103xb.o(.text)
    TIM1_CC_IRQHandler                       0x080001cf   Thumb Code     0  startup_stm32f103xb.o(.text)
    TIM1_TRG_COM_IRQHandler                  0x080001cf   Thumb Code     0  startup_stm32f103xb.o(.text)
    TIM1_UP_IRQHandler                       0x080001cf   Thumb Code     0  startup_stm32f103xb.o(.text)
    TIM2_IRQHandler                          0x080001cf   Thumb Code     0  startup_stm32f103xb.o(.text)
    TIM3_IRQHandler                          0x080001cf   Thumb Code     0  startup_stm32f103xb.o(.text)
    TIM4_IRQHandler                          0x080001cf   Thumb Code     0  startup_stm32f103xb.o(.text)
    USART2_IRQHandler                        0x080001cf   Thumb Code     0  startup_stm32f103xb.o(.text)
    USART3_IRQHandler                        0x080001cf   Thumb Code     0  startup_stm32f103xb.o(.text)
    USBWakeUp_IRQHandler                     0x080001cf   Thumb Code     0  startup_stm32f103xb.o(.text)
    USB_HP_CAN1_TX_IRQHandler                0x080001cf   Thumb Code     0  startup_stm32f103xb.o(.text)
    USB_LP_CAN1_RX0_IRQHandler               0x080001cf   Thumb Code     0  startup_stm32f103xb.o(.text)
    WWDG_IRQHandler                          0x080001cf   Thumb Code     0  startup_stm32f103xb.o(.text)
    __user_initial_stackheap                 0x080001d1   Thumb Code     0  startup_stm32f103xb.o(.text)
    __2sprintf                               0x080001f5   Thumb Code    38  __2sprintf.o(.text)
    _printf_int_dec                          0x08000221   Thumb Code   104  _printf_dec.o(.text)
    __printf                                 0x08000299   Thumb Code   270  __printf_wp.o(.text)
    __0sscanf                                0x080003a9   Thumb Code    52  __0sscanf.o(.text)
    __aeabi_memclr4                          0x080003e5   Thumb Code     0  rt_memclr_w.o(.text)
    __aeabi_memclr8                          0x080003e5   Thumb Code     0  rt_memclr_w.o(.text)
    __rt_memclr_w                            0x080003e5   Thumb Code    78  rt_memclr_w.o(.text)
    _memset_w                                0x080003e9   Thumb Code     0  rt_memclr_w.o(.text)
    __use_two_region_memory                  0x08000433   Thumb Code     2  heapauxi.o(.text)
    __rt_heap_escrow$2region                 0x08000435   Thumb Code     2  heapauxi.o(.text)
    __rt_heap_expand$2region                 0x08000437   Thumb Code     2  heapauxi.o(.text)
    __read_errno                             0x08000439   Thumb Code    10  _rserrno.o(.text)
    __set_errno                              0x08000443   Thumb Code    12  _rserrno.o(.text)
    _printf_int_common                       0x0800044f   Thumb Code   178  _printf_intcommon.o(.text)
    __lib_sel_fp_printf                      0x08000501   Thumb Code     2  _printf_fp_dec.o(.text)
    _printf_fp_dec_real                      0x080006b3   Thumb Code   620  _printf_fp_dec.o(.text)
    _printf_char_common                      0x0800092b   Thumb Code    32  _printf_char_common.o(.text)
    _sputc                                   0x08000951   Thumb Code    10  _sputc.o(.text)
    _scanf_really_real                       0x08000ba9   Thumb Code   684  scanf_fp.o(.text)
    __vfscanf_char                           0x08000e61   Thumb Code    24  scanf_char.o(.text)
    _sgetc                                   0x08000e81   Thumb Code    30  _sgetc.o(.text)
    _sbackspace                              0x08000e9f   Thumb Code    34  _sgetc.o(.text)
    __strtod_int                             0x08000efd   Thumb Code    90  strtod.o(.text)
    __rt_locale                              0x08000f65   Thumb Code     8  rt_locale_intlibspace.o(.text)
    __aeabi_errno_addr                       0x08000f6d   Thumb Code     8  rt_errno_addr_intlibspace.o(.text)
    __errno$intlibspace                      0x08000f6d   Thumb Code     0  rt_errno_addr_intlibspace.o(.text)
    __rt_errno_addr$intlibspace              0x08000f6d   Thumb Code     0  rt_errno_addr_intlibspace.o(.text)
    _ll_udiv10                               0x08000f75   Thumb Code   138  lludiv10.o(.text)
    isspace                                  0x08000fff   Thumb Code    18  isspace.o(.text)
    _printf_fp_infnan                        0x08001011   Thumb Code   112  _printf_fp_infnan.o(.text)
    __vfscanf                                0x08001091   Thumb Code   878  _scanf.o(.text)
    _btod_etento                             0x08001405   Thumb Code   224  bigflt0.o(.text)
    __user_libspace                          0x080014e9   Thumb Code     8  libspace.o(.text)
    __user_perproc_libspace                  0x080014e9   Thumb Code     0  libspace.o(.text)
    __user_perthread_libspace                0x080014e9   Thumb Code     0  libspace.o(.text)
    __user_setup_stackheap                   0x080014f1   Thumb Code    74  sys_stackheap_outer.o(.text)
    __rt_ctype_table                         0x0800153d   Thumb Code    16  rt_ctype_table.o(.text)
    _scanf_really_hex_real                   0x0800154d   Thumb Code   786  scanf_hexfp.o(.text)
    _scanf_really_infnan                     0x0800186d   Thumb Code   292  scanf_infnan.o(.text)
    exit                                     0x080019a1   Thumb Code    18  exit.o(.text)
    strcmp                                   0x080019b5   Thumb Code   128  strcmpv7m.o(.text)
    __aeabi_llsl                             0x08001a35   Thumb Code     0  llshl.o(.text)
    _ll_shift_l                              0x08001a35   Thumb Code    38  llshl.o(.text)
    _chval                                   0x08001a5b   Thumb Code    28  _chval.o(.text)
    _sys_exit                                0x08001a79   Thumb Code     8  sys_exit.o(.text)
    __I$use$semihosting                      0x08001a85   Thumb Code     0  use_no_semi.o(.text)
    __use_no_semihosting_swi                 0x08001a85   Thumb Code     2  use_no_semi.o(.text)
    __semihosting_library_function           0x08001a87   Thumb Code     0  indicate_semi.o(.text)
    _btod_d2e                                0x08001a87   Thumb Code    62  btod.o(CL$$btod_d2e)
    _d2e_denorm_low                          0x08001ac5   Thumb Code    70  btod.o(CL$$btod_d2e_denorm_low)
    _d2e_norm_op1                            0x08001b0b   Thumb Code    96  btod.o(CL$$btod_d2e_norm_op1)
    __btod_div_common                        0x08001b6b   Thumb Code   696  btod.o(CL$$btod_div_common)
    _e2d                                     0x08001ea5   Thumb Code   122  btod.o(CL$$btod_e2d)
    _e2e                                     0x08001f29   Thumb Code   220  btod.o(CL$$btod_e2e)
    _btod_ediv                               0x08002005   Thumb Code    42  btod.o(CL$$btod_ediv)
    _btod_edivd                              0x0800202f   Thumb Code    42  btod.o(CL$$btod_edivd)
    _btod_emul                               0x08002059   Thumb Code    42  btod.o(CL$$btod_emul)
    _btod_emuld                              0x08002083   Thumb Code    42  btod.o(CL$$btod_emuld)
    __btod_mult_common                       0x080020ad   Thumb Code   580  btod.o(CL$$btod_mult_common)
    ADC_ConversionStop_Disable               0x080022f1   Thumb Code    86  stm32f1xx_hal_adc.o(i.ADC_ConversionStop_Disable)
    ADC_Enable                               0x08002349   Thumb Code   114  stm32f1xx_hal_adc.o(i.ADC_Enable)
    ADC_Read_Manual                          0x080023c5   Thumb Code    64  main.o(i.ADC_Read_Manual)
    BusFault_Handler                         0x08002409   Thumb Code     2  stm32f1xx_it.o(i.BusFault_Handler)
    Convert_ADC_to_Amper                     0x0800240d   Thumb Code    34  main.o(i.Convert_ADC_to_Amper)
    DebugMon_Handler                         0x08002441   Thumb Code     2  stm32f1xx_it.o(i.DebugMon_Handler)
    EXTI2_IRQHandler                         0x08002443   Thumb Code     6  stm32f1xx_it.o(i.EXTI2_IRQHandler)
    Encoder_GetDistance                      0x08002449   Thumb Code     6  encoder.o(i.Encoder_GetDistance)
    Encoder_Init                             0x08002455   Thumb Code    18  encoder.o(i.Encoder_Init)
    Encoder_SetZero                          0x0800246d   Thumb Code    18  encoder.o(i.Encoder_SetZero)
    Encoder_Update                           0x08002485   Thumb Code    38  encoder.o(i.Encoder_Update)
    HAL_ADC_ConfigChannel                    0x080024b5   Thumb Code   240  stm32f1xx_hal_adc.o(i.HAL_ADC_ConfigChannel)
    HAL_ADC_GetValue                         0x080025b1   Thumb Code     6  stm32f1xx_hal_adc.o(i.HAL_ADC_GetValue)
    HAL_ADC_Init                             0x080025b9   Thumb Code   272  stm32f1xx_hal_adc.o(i.HAL_ADC_Init)
    HAL_ADC_MspInit                          0x080026d5   Thumb Code   126  stm32f1xx_hal_msp.o(i.HAL_ADC_MspInit)
    HAL_ADC_PollForConversion                0x08002769   Thumb Code   304  stm32f1xx_hal_adc.o(i.HAL_ADC_PollForConversion)
    HAL_ADC_Start                            0x080028a5   Thumb Code   184  stm32f1xx_hal_adc.o(i.HAL_ADC_Start)
    HAL_ADC_Stop                             0x08002965   Thumb Code    52  stm32f1xx_hal_adc.o(i.HAL_ADC_Stop)
    HAL_DMA_Abort                            0x08002999   Thumb Code    70  stm32f1xx_hal_dma.o(i.HAL_DMA_Abort)
    HAL_DMA_Abort_IT                         0x080029e1   Thumb Code   148  stm32f1xx_hal_dma.o(i.HAL_DMA_Abort_IT)
    HAL_Delay                                0x08002a79   Thumb Code    32  stm32f1xx_hal.o(i.HAL_Delay)
    HAL_GPIO_EXTI_Callback                   0x08002a9d   Thumb Code     2  stm32f1xx_hal_gpio.o(i.HAL_GPIO_EXTI_Callback)
    HAL_GPIO_EXTI_IRQHandler                 0x08002aa1   Thumb Code    18  stm32f1xx_hal_gpio.o(i.HAL_GPIO_EXTI_IRQHandler)
    HAL_GPIO_Init                            0x08002ab9   Thumb Code   446  stm32f1xx_hal_gpio.o(i.HAL_GPIO_Init)
    HAL_GPIO_WritePin                        0x08002c99   Thumb Code    10  stm32f1xx_hal_gpio.o(i.HAL_GPIO_WritePin)
    HAL_GetTick                              0x08002ca5   Thumb Code     6  stm32f1xx_hal.o(i.HAL_GetTick)
    HAL_IncTick                              0x08002cb1   Thumb Code    12  stm32f1xx_hal.o(i.HAL_IncTick)
    HAL_Init                                 0x08002cc1   Thumb Code    32  stm32f1xx_hal.o(i.HAL_Init)
    HAL_InitTick                             0x08002ce5   Thumb Code    54  stm32f1xx_hal.o(i.HAL_InitTick)
    HAL_MspInit                              0x08002d25   Thumb Code    52  stm32f1xx_hal_msp.o(i.HAL_MspInit)
    HAL_NVIC_EnableIRQ                       0x08002d61   Thumb Code    26  stm32f1xx_hal_cortex.o(i.HAL_NVIC_EnableIRQ)
    HAL_NVIC_SetPriority                     0x08002d7d   Thumb Code    60  stm32f1xx_hal_cortex.o(i.HAL_NVIC_SetPriority)
    HAL_NVIC_SetPriorityGrouping             0x08002dbd   Thumb Code    26  stm32f1xx_hal_cortex.o(i.HAL_NVIC_SetPriorityGrouping)
    HAL_RCCEx_GetPeriphCLKFreq               0x08002de1   Thumb Code   148  stm32f1xx_hal_rcc_ex.o(i.HAL_RCCEx_GetPeriphCLKFreq)
    HAL_RCCEx_PeriphCLKConfig                0x08002e85   Thumb Code   224  stm32f1xx_hal_rcc_ex.o(i.HAL_RCCEx_PeriphCLKConfig)
    HAL_RCC_ClockConfig                      0x08002f71   Thumb Code   280  stm32f1xx_hal_rcc.o(i.HAL_RCC_ClockConfig)
    HAL_RCC_GetPCLK1Freq                     0x0800309d   Thumb Code    20  stm32f1xx_hal_rcc.o(i.HAL_RCC_GetPCLK1Freq)
    HAL_RCC_GetPCLK2Freq                     0x080030bd   Thumb Code    20  stm32f1xx_hal_rcc.o(i.HAL_RCC_GetPCLK2Freq)
    HAL_RCC_GetSysClockFreq                  0x080030dd   Thumb Code    58  stm32f1xx_hal_rcc.o(i.HAL_RCC_GetSysClockFreq)
    HAL_RCC_OscConfig                        0x08003129   Thumb Code   778  stm32f1xx_hal_rcc.o(i.HAL_RCC_OscConfig)
    HAL_SYSTICK_Config                       0x08003449   Thumb Code    40  stm32f1xx_hal_cortex.o(i.HAL_SYSTICK_Config)
    HAL_TIMEx_MasterConfigSynchronization    0x08003471   Thumb Code    92  stm32f1xx_hal_tim_ex.o(i.HAL_TIMEx_MasterConfigSynchronization)
    HAL_TIM_Base_Init                        0x080034d9   Thumb Code    90  stm32f1xx_hal_tim.o(i.HAL_TIM_Base_Init)
    HAL_TIM_Base_MspInit                     0x08003535   Thumb Code    30  stm32f1xx_hal_msp.o(i.HAL_TIM_Base_MspInit)
    HAL_TIM_Base_Start_IT                    0x08003559   Thumb Code    76  stm32f1xx_hal_tim.o(i.HAL_TIM_Base_Start_IT)
    HAL_TIM_ConfigClockSource                0x080035b1   Thumb Code   220  stm32f1xx_hal_tim.o(i.HAL_TIM_ConfigClockSource)
    HAL_TIM_Encoder_Init                     0x0800368d   Thumb Code   164  stm32f1xx_hal_tim.o(i.HAL_TIM_Encoder_Init)
    HAL_TIM_Encoder_MspInit                  0x08003731   Thumb Code    72  stm32f1xx_hal_msp.o(i.HAL_TIM_Encoder_MspInit)
    HAL_TIM_Encoder_Start                    0x08003785   Thumb Code   142  stm32f1xx_hal_tim.o(i.HAL_TIM_Encoder_Start)
    HAL_TIM_MspPostInit                      0x08003815   Thumb Code    62  stm32f1xx_hal_msp.o(i.HAL_TIM_MspPostInit)
    HAL_TIM_PWM_ConfigChannel                0x0800385d   Thumb Code   204  stm32f1xx_hal_tim.o(i.HAL_TIM_PWM_ConfigChannel)
    HAL_TIM_PWM_Init                         0x08003929   Thumb Code    90  stm32f1xx_hal_tim.o(i.HAL_TIM_PWM_Init)
    HAL_TIM_PWM_MspInit                      0x08003983   Thumb Code     2  stm32f1xx_hal_tim.o(i.HAL_TIM_PWM_MspInit)
    HAL_TIM_PWM_Start                        0x08003985   Thumb Code   144  stm32f1xx_hal_tim.o(i.HAL_TIM_PWM_Start)
    HAL_UARTEx_RxEventCallback               0x08003a21   Thumb Code     2  stm32f1xx_hal_uart.o(i.HAL_UARTEx_RxEventCallback)
    HAL_UART_ErrorCallback                   0x08003a23   Thumb Code     2  stm32f1xx_hal_uart.o(i.HAL_UART_ErrorCallback)
    HAL_UART_IRQHandler                      0x08003a25   Thumb Code   616  stm32f1xx_hal_uart.o(i.HAL_UART_IRQHandler)
    HAL_UART_Init                            0x08003c91   Thumb Code   100  stm32f1xx_hal_uart.o(i.HAL_UART_Init)
    HAL_UART_MspInit                         0x08003cf5   Thumb Code   116  stm32f1xx_hal_msp.o(i.HAL_UART_MspInit)
    HAL_UART_Receive_IT                      0x08003d75   Thumb Code    28  stm32f1xx_hal_uart.o(i.HAL_UART_Receive_IT)
    HAL_UART_RxCpltCallback                  0x08003d91   Thumb Code    26  main.o(i.HAL_UART_RxCpltCallback)
    HAL_UART_Transmit                        0x08003db9   Thumb Code   160  stm32f1xx_hal_uart.o(i.HAL_UART_Transmit)
    HAL_UART_TxCpltCallback                  0x08003e59   Thumb Code     2  stm32f1xx_hal_uart.o(i.HAL_UART_TxCpltCallback)
    HardFault_Handler                        0x08003e5b   Thumb Code     2  stm32f1xx_it.o(i.HardFault_Handler)
    Init_Motor                               0x08003e5d   Thumb Code    22  motor.o(i.Init_Motor)
    MemManage_Handler                        0x080040ed   Thumb Code     2  stm32f1xx_it.o(i.MemManage_Handler)
    Motor_Backward                           0x080040f1   Thumb Code    40  motor.o(i.Motor_Backward)
    Motor_Forward                            0x08004121   Thumb Code    40  motor.o(i.Motor_Forward)
    Motor_Stop                               0x08004151   Thumb Code    14  motor.o(i.Motor_Stop)
    Motor_handle                             0x08004165   Thumb Code    34  motor_logic.o(i.Motor_handle)
    NMI_Handler                              0x08004191   Thumb Code     2  stm32f1xx_it.o(i.NMI_Handler)
    PID_Compute                              0x08004193   Thumb Code   168  pid.o(i.PID_Compute)
    PID_Init                                 0x0800423b   Thumb Code    36  pid.o(i.PID_Init)
    PID_Reset                                0x0800425f   Thumb Code    10  pid.o(i.PID_Reset)
    PendSV_Handler                           0x08004269   Thumb Code     2  stm32f1xx_it.o(i.PendSV_Handler)
    SVC_Handler                              0x0800426b   Thumb Code     2  stm32f1xx_it.o(i.SVC_Handler)
    SysTick_Handler                          0x0800426d   Thumb Code     4  stm32f1xx_it.o(i.SysTick_Handler)
    SystemClock_Config                       0x08004271   Thumb Code   120  main.o(i.SystemClock_Config)
    SystemInit                               0x080042e9   Thumb Code     2  system_stm32f1xx.o(i.SystemInit)
    TIM_Base_SetConfig                       0x080042ed   Thumb Code   108  stm32f1xx_hal_tim.o(i.TIM_Base_SetConfig)
    TIM_CCxChannelCmd                        0x08004365   Thumb Code    26  stm32f1xx_hal_tim.o(i.TIM_CCxChannelCmd)
    TIM_ETR_SetConfig                        0x0800437f   Thumb Code    20  stm32f1xx_hal_tim.o(i.TIM_ETR_SetConfig)
    TIM_OC2_SetConfig                        0x080043f5   Thumb Code    84  stm32f1xx_hal_tim.o(i.TIM_OC2_SetConfig)
    UART_Start_Receive_IT                    0x08004709   Thumb Code    54  stm32f1xx_hal_uart.o(i.UART_Start_Receive_IT)
    USART1_IRQHandler                        0x080047b1   Thumb Code     6  stm32f1xx_it.o(i.USART1_IRQHandler)
    Update_CurrentFeedback                   0x080047bd   Thumb Code    94  main.o(i.Update_CurrentFeedback)
    UsageFault_Handler                       0x08004821   Thumb Code     2  stm32f1xx_it.o(i.UsageFault_Handler)
    __ARM_fpclassify                         0x08004823   Thumb Code    40  fpclassify.o(i.__ARM_fpclassify)
    __mathlib_dbl_overflow                   0x0800486b   Thumb Code    14  dunder.o(i.__mathlib_dbl_overflow)
    __mathlib_dbl_underflow                  0x08004879   Thumb Code    10  dunder.o(i.__mathlib_dbl_underflow)
    __mathlib_narrow                         0x08004889   Thumb Code    16  narrow.o(i.__mathlib_narrow)
    __mathlib_tofloat                        0x08004899   Thumb Code   184  narrow.o(i.__mathlib_tofloat)
    __support_ldexp                          0x08004955   Thumb Code    22  ldexp.o(i.__support_ldexp)
    _is_digit                                0x0800496b   Thumb Code    14  __printf_wp.o(i._is_digit)
    atof                                     0x08004979   Thumb Code    42  atof.o(i.atof)
    frexp                                    0x080049a5   Thumb Code    80  frexp.o(i.frexp)
    handle_simple_command                    0x080049fd   Thumb Code   164  main.o(i.handle_simple_command)
    ldexp                                    0x08004aad   Thumb Code   116  ldexp.o(i.ldexp)
    main                                     0x08004b21   Thumb Code   632  main.o(i.main)
    _get_lc_numeric                          0x08004dd9   Thumb Code    44  lc_numeric_c.o(locale$$code)
    _get_lc_ctype                            0x08004e05   Thumb Code    44  lc_ctype_c.o(locale$$code)
    __aeabi_d2f                              0x08004e31   Thumb Code     0  d2f.o(x$fpl$d2f)
    _d2f                                     0x08004e31   Thumb Code    98  d2f.o(x$fpl$d2f)
    __fpl_dcheck_NaN1                        0x08004e95   Thumb Code    10  dcheck1.o(x$fpl$dcheck1)
    __fpl_dcmp_Inf                           0x08004ea5   Thumb Code    24  dcmpi.o(x$fpl$dcmpinf)
    __aeabi_cdcmpeq                          0x08004ebd   Thumb Code     0  deqf.o(x$fpl$deqf)
    _dcmpeq                                  0x08004ebd   Thumb Code   120  deqf.o(x$fpl$deqf)
    __aeabi_d2uiz                            0x08004f35   Thumb Code     0  dfixu.o(x$fpl$dfixu)
    _dfixu                                   0x08004f35   Thumb Code    90  dfixu.o(x$fpl$dfixu)
    __aeabi_cdcmple                          0x08004f91   Thumb Code     0  dleqf.o(x$fpl$dleqf)
    _dcmple                                  0x08004f91   Thumb Code   120  dleqf.o(x$fpl$dleqf)
    __fpl_dcmple_InfNaN                      0x08004ff3   Thumb Code     0  dleqf.o(x$fpl$dleqf)
    __fpl_dnaninf                            0x08005009   Thumb Code   156  dnaninf.o(x$fpl$dnaninf)
    __fpl_dretinf                            0x080050a5   Thumb Code    12  dretinf.o(x$fpl$dretinf)
    __aeabi_cdrcmple                         0x080050b1   Thumb Code     0  drleqf.o(x$fpl$drleqf)
    _drcmple                                 0x080050b1   Thumb Code   108  drleqf.o(x$fpl$drleqf)
    __aeabi_f2d                              0x0800511d   Thumb Code     0  f2d.o(x$fpl$f2d)
    _f2d                                     0x0800511d   Thumb Code    86  f2d.o(x$fpl$f2d)
    __aeabi_fadd                             0x08005175   Thumb Code     0  faddsub_clz.o(x$fpl$fadd)
    _fadd                                    0x08005175   Thumb Code   196  faddsub_clz.o(x$fpl$fadd)
    __fpl_fcheck_NaN1                        0x08005239   Thumb Code     6  fcheck1.o(x$fpl$fcheck1)
    __fpl_fcmp_Inf                           0x08005245   Thumb Code    24  fcmpi.o(x$fpl$fcmpinf)
    __aeabi_fdiv                             0x0800525d   Thumb Code     0  fdiv.o(x$fpl$fdiv)
    _fdiv                                    0x0800525d   Thumb Code   384  fdiv.o(x$fpl$fdiv)
    __aeabi_f2uiz                            0x080053e1   Thumb Code     0  ffixu.o(x$fpl$ffixu)
    _ffixu                                   0x080053e1   Thumb Code    62  ffixu.o(x$fpl$ffixu)
    __aeabi_i2f                              0x08005421   Thumb Code     0  fflt_clz.o(x$fpl$fflt)
    _fflt                                    0x08005421   Thumb Code    48  fflt_clz.o(x$fpl$fflt)
    __aeabi_ui2f                             0x08005451   Thumb Code     0  fflt_clz.o(x$fpl$ffltu)
    _ffltu                                   0x08005451   Thumb Code    38  fflt_clz.o(x$fpl$ffltu)
    __aeabi_cfcmple                          0x08005479   Thumb Code     0  fleqf.o(x$fpl$fleqf)
    _fcmple                                  0x08005479   Thumb Code   104  fleqf.o(x$fpl$fleqf)
    __fpl_fcmple_InfNaN                      0x080054cb   Thumb Code     0  fleqf.o(x$fpl$fleqf)
    __aeabi_fmul                             0x080054e1   Thumb Code     0  fmul.o(x$fpl$fmul)
    _fmul                                    0x080054e1   Thumb Code   258  fmul.o(x$fpl$fmul)
    __fpl_fnaninf                            0x080055e3   Thumb Code   140  fnaninf.o(x$fpl$fnaninf)
    __fpl_fretinf                            0x0800566f   Thumb Code    10  fretinf.o(x$fpl$fretinf)
    __aeabi_cfrcmple                         0x08005679   Thumb Code     0  frleqf.o(x$fpl$frleqf)
    _frcmple                                 0x08005679   Thumb Code    98  frleqf.o(x$fpl$frleqf)
    __aeabi_fsub                             0x080056dd   Thumb Code     0  faddsub_clz.o(x$fpl$fsub)
    _fsub                                    0x080056dd   Thumb Code   234  faddsub_clz.o(x$fpl$fsub)
    __ieee_status                            0x080057c7   Thumb Code     6  istatus.o(x$fpl$ieeestatus)
    _printf_fp_dec                           0x080057cd   Thumb Code     4  printf1.o(x$fpl$printf1)
    __fpl_return_NaN                         0x080057d1   Thumb Code   100  retnan.o(x$fpl$retnan)
    __ARM_scalbn                             0x08005835   Thumb Code    92  scalbn.o(x$fpl$scalbn)
    __ARM_scalbnf                            0x08005891   Thumb Code    76  scalbnf.o(x$fpl$scalbnf)
    _scanf_real                              0x080058dd   Thumb Code     4  scanf1.o(x$fpl$scanf1)
    _scanf_hex_real                          0x080058e1   Thumb Code     4  scanf2.o(x$fpl$scanf2)
    _scanf_infnan                            0x080058e5   Thumb Code     4  scanf2.o(x$fpl$scanf2)
    __fpl_cmpreturn                          0x080058e9   Thumb Code    48  trapv.o(x$fpl$trapveneer)
    __I$use$fp                               0x08005918   Number         0  usenofp.o(x$fpl$usenofp)
    AHBPrescTable                            0x0800593c   Data          16  system_stm32f1xx.o(.constdata)
    APBPrescTable                            0x0800594c   Data           8  system_stm32f1xx.o(.constdata)
    Region$$Table$$Base                      0x080059e8   Number         0  anon$$obj.o(Region$$Table)
    Region$$Table$$Limit                     0x08005a08   Number         0  anon$$obj.o(Region$$Table)
    __aeabi_HUGE_VAL                         0x08005a08   Data           0  fpconst.o(c$$dinf)
    __aeabi_HUGE_VALL                        0x08005a08   Data           0  fpconst.o(c$$dinf)
    __aeabi_INFINITY                         0x08005a08   Data           0  fpconst.o(c$$dinf)
    __dInf                                   0x08005a08   Data           0  fpconst.o(c$$dinf)
    __huge_val                               0x08005a08   Data           0  fpconst.o(c$$dinf)
    __dbl_max                                0x08005a10   Data           0  fpconst.o(c$$dmax)
    __ctype                                  0x08005a41   Data           0  lc_ctype_c.o(locale$$data)
    speed_mode                               0x20000000   Data           1  main.o(.data)
    flag                                     0x20000001   Data           1  main.o(.data)
    isMoving                                 0x20000002   Data           1  main.o(.data)
    isEncoderReceiving                       0x20000003   Data           1  main.o(.data)
    PIDinUSED                                0x20000004   Data           1  main.o(.data)
    isPIDReceiving                           0x20000005   Data           1  main.o(.data)
    rx_data                                  0x20000006   Data           1  main.o(.data)
    current_motor_status                     0x20000007   Data           1  main.o(.data)
    rx_index                                 0x20000008   Data           1  main.o(.data)
    current_speed                            0x2000000a   Data           2  main.o(.data)
    target_mm                                0x2000000c   Data           4  main.o(.data)
    last_send_time                           0x20000010   Data           4  main.o(.data)
    v_acc                                    0x20000014   Data           4  main.o(.data)
    acc_step                                 0x20000018   Data           4  main.o(.data)
    R_Ampe                                   0x20000020   Data           4  main.o(.data)
    L_Ampe                                   0x20000024   Data           4  main.o(.data)
    current_obs                              0x20000028   Data           4  main.o(.data)
    output                                   0x2000002c   Data           4  main.o(.data)
    current_vel                              0x20000030   Data           4  main.o(.data)
    MatlabBufferEncoder                      0x20000034   Data           8  main.o(.data)
    uwTickFreq                               0x2000003c   Data           1  stm32f1xx_hal.o(.data)
    uwTickPrio                               0x20000040   Data           4  stm32f1xx_hal.o(.data)
    uwTick                                   0x20000044   Data           4  stm32f1xx_hal.o(.data)
    SystemCoreClock                          0x20000048   Data           4  system_stm32f1xx.o(.data)
    hadc1                                    0x2000005c   Data          48  main.o(.bss)
    hadc2                                    0x2000008c   Data          48  main.o(.bss)
    htim2                                    0x200000bc   Data          72  main.o(.bss)
    htim4                                    0x20000104   Data          72  main.o(.bss)
    huart1                                   0x2000014c   Data          72  main.o(.bss)
    buffer                                   0x20000194   Data          21  main.o(.bss)
    MatlabBufferPID1                         0x200001a9   Data          64  main.o(.bss)
    myPID                                    0x200001ec   Data          48  main.o(.bss)
    __libspace_start                         0x2000021c   Data          96  libspace.o(.bss)
    __temporary_stack_top$libspace           0x2000027c   Data           0  libspace.o(.bss)



==============================================================================

Memory Map of the image

  Image Entry point : 0x080000ed

  Load Region LR_IROM1 (Base: 0x08000000, Size: 0x00005ba0, Max: 0x00010000, ABSOLUTE)

    Execution Region ER_IROM1 (Exec base: 0x08000000, Load base: 0x08000000, Size: 0x00005b44, Max: 0x00010000, ABSOLUTE)

    Exec Addr    Load Addr    Size         Type   Attr      Idx    E Section Name        Object

    0x08000000   0x08000000   0x000000ec   Data   RO            3    RESET               startup_stm32f103xb.o
    0x080000ec   0x080000ec   0x00000008   Code   RO         3262  * !!!main             c_w.l(__main.o)
    0x080000f4   0x080000f4   0x00000034   Code   RO         3637    !!!scatter          c_w.l(__scatter.o)
    0x08000128   0x08000128   0x0000001a   Code   RO         3639    !!handler_copy      c_w.l(__scatter_copy.o)
    0x08000142   0x08000142   0x00000002   PAD
    0x08000144   0x08000144   0x0000001c   Code   RO         3641    !!handler_zi        c_w.l(__scatter_zi.o)
    0x08000160   0x08000160   0x00000000   Code   RO         3255    .ARM.Collect$$_printf_percent$$00000000  c_w.l(_printf_percent.o)
    0x08000160   0x08000160   0x00000006   Code   RO         3254    .ARM.Collect$$_printf_percent$$00000003  c_w.l(_printf_f.o)
    0x08000166   0x08000166   0x00000006   Code   RO         3253    .ARM.Collect$$_printf_percent$$00000009  c_w.l(_printf_d.o)
    0x0800016c   0x0800016c   0x00000004   Code   RO         3321    .ARM.Collect$$_printf_percent$$00000017  c_w.l(_printf_percent_end.o)
    0x08000170   0x08000170   0x00000002   Code   RO         3450    .ARM.Collect$$libinit$$00000000  c_w.l(libinit.o)
    0x08000172   0x08000172   0x00000000   Code   RO         3452    .ARM.Collect$$libinit$$00000002  c_w.l(libinit2.o)
    0x08000172   0x08000172   0x00000000   Code   RO         3454    .ARM.Collect$$libinit$$00000004  c_w.l(libinit2.o)
    0x08000172   0x08000172   0x00000000   Code   RO         3457    .ARM.Collect$$libinit$$0000000A  c_w.l(libinit2.o)
    0x08000172   0x08000172   0x00000000   Code   RO         3459    .ARM.Collect$$libinit$$0000000C  c_w.l(libinit2.o)
    0x08000172   0x08000172   0x00000000   Code   RO         3461    .ARM.Collect$$libinit$$0000000E  c_w.l(libinit2.o)
    0x08000172   0x08000172   0x00000006   Code   RO         3462    .ARM.Collect$$libinit$$0000000F  c_w.l(libinit2.o)
    0x08000178   0x08000178   0x00000000   Code   RO         3464    .ARM.Collect$$libinit$$00000011  c_w.l(libinit2.o)
    0x08000178   0x08000178   0x0000000c   Code   RO         3465    .ARM.Collect$$libinit$$00000012  c_w.l(libinit2.o)
    0x08000184   0x08000184   0x00000000   Code   RO         3466    .ARM.Collect$$libinit$$00000013  c_w.l(libinit2.o)
    0x08000184   0x08000184   0x00000000   Code   RO         3468    .ARM.Collect$$libinit$$00000015  c_w.l(libinit2.o)
    0x08000184   0x08000184   0x0000000a   Code   RO         3469    .ARM.Collect$$libinit$$00000016  c_w.l(libinit2.o)
    0x0800018e   0x0800018e   0x00000000   Code   RO         3470    .ARM.Collect$$libinit$$00000017  c_w.l(libinit2.o)
    0x0800018e   0x0800018e   0x00000000   Code   RO         3472    .ARM.Collect$$libinit$$00000019  c_w.l(libinit2.o)
    0x0800018e   0x0800018e   0x00000000   Code   RO         3474    .ARM.Collect$$libinit$$0000001B  c_w.l(libinit2.o)
    0x0800018e   0x0800018e   0x00000000   Code   RO         3476    .ARM.Collect$$libinit$$0000001D  c_w.l(libinit2.o)
    0x0800018e   0x0800018e   0x00000000   Code   RO         3478    .ARM.Collect$$libinit$$0000001F  c_w.l(libinit2.o)
    0x0800018e   0x0800018e   0x00000000   Code   RO         3480    .ARM.Collect$$libinit$$00000021  c_w.l(libinit2.o)
    0x0800018e   0x0800018e   0x00000000   Code   RO         3482    .ARM.Collect$$libinit$$00000023  c_w.l(libinit2.o)
    0x0800018e   0x0800018e   0x00000000   Code   RO         3484    .ARM.Collect$$libinit$$00000025  c_w.l(libinit2.o)
    0x0800018e   0x0800018e   0x00000000   Code   RO         3488    .ARM.Collect$$libinit$$0000002C  c_w.l(libinit2.o)
    0x0800018e   0x0800018e   0x00000000   Code   RO         3490    .ARM.Collect$$libinit$$0000002E  c_w.l(libinit2.o)
    0x0800018e   0x0800018e   0x00000000   Code   RO         3492    .ARM.Collect$$libinit$$00000030  c_w.l(libinit2.o)
    0x0800018e   0x0800018e   0x00000000   Code   RO         3494    .ARM.Collect$$libinit$$00000032  c_w.l(libinit2.o)
    0x0800018e   0x0800018e   0x00000002   Code   RO         3495    .ARM.Collect$$libinit$$00000033  c_w.l(libinit2.o)
    0x08000190   0x08000190   0x00000002   Code   RO         3573    .ARM.Collect$$libshutdown$$00000000  c_w.l(libshutdown.o)
    0x08000192   0x08000192   0x00000000   Code   RO         3596    .ARM.Collect$$libshutdown$$00000002  c_w.l(libshutdown2.o)
    0x08000192   0x08000192   0x00000000   Code   RO         3598    .ARM.Collect$$libshutdown$$00000004  c_w.l(libshutdown2.o)
    0x08000192   0x08000192   0x00000000   Code   RO         3601    .ARM.Collect$$libshutdown$$00000007  c_w.l(libshutdown2.o)
    0x08000192   0x08000192   0x00000000   Code   RO         3604    .ARM.Collect$$libshutdown$$0000000A  c_w.l(libshutdown2.o)
    0x08000192   0x08000192   0x00000000   Code   RO         3606    .ARM.Collect$$libshutdown$$0000000C  c_w.l(libshutdown2.o)
    0x08000192   0x08000192   0x00000000   Code   RO         3609    .ARM.Collect$$libshutdown$$0000000F  c_w.l(libshutdown2.o)
    0x08000192   0x08000192   0x00000002   Code   RO         3610    .ARM.Collect$$libshutdown$$00000010  c_w.l(libshutdown2.o)
    0x08000194   0x08000194   0x00000000   Code   RO         3310    .ARM.Collect$$rtentry$$00000000  c_w.l(__rtentry.o)
    0x08000194   0x08000194   0x00000000   Code   RO         3346    .ARM.Collect$$rtentry$$00000002  c_w.l(__rtentry2.o)
    0x08000194   0x08000194   0x00000006   Code   RO         3358    .ARM.Collect$$rtentry$$00000004  c_w.l(__rtentry4.o)
    0x0800019a   0x0800019a   0x00000000   Code   RO         3348    .ARM.Collect$$rtentry$$00000009  c_w.l(__rtentry2.o)
    0x0800019a   0x0800019a   0x00000004   Code   RO         3349    .ARM.Collect$$rtentry$$0000000A  c_w.l(__rtentry2.o)
    0x0800019e   0x0800019e   0x00000000   Code   RO         3351    .ARM.Collect$$rtentry$$0000000C  c_w.l(__rtentry2.o)
    0x0800019e   0x0800019e   0x00000008   Code   RO         3352    .ARM.Collect$$rtentry$$0000000D  c_w.l(__rtentry2.o)
    0x080001a6   0x080001a6   0x00000002   Code   RO         3506    .ARM.Collect$$rtexit$$00000000  c_w.l(rtexit.o)
    0x080001a8   0x080001a8   0x00000000   Code   RO         3534    .ARM.Collect$$rtexit$$00000002  c_w.l(rtexit2.o)
    0x080001a8   0x080001a8   0x00000004   Code   RO         3535    .ARM.Collect$$rtexit$$00000003  c_w.l(rtexit2.o)
    0x080001ac   0x080001ac   0x00000006   Code   RO         3536    .ARM.Collect$$rtexit$$00000004  c_w.l(rtexit2.o)
    0x080001b2   0x080001b2   0x00000002   PAD
    0x080001b4   0x080001b4   0x00000040   Code   RO            4    .text               startup_stm32f103xb.o
    0x080001f4   0x080001f4   0x0000002c   Code   RO         3225    .text               c_w.l(__2sprintf.o)
    0x08000220   0x08000220   0x00000078   Code   RO         3231    .text               c_w.l(_printf_dec.o)
    0x08000298   0x08000298   0x0000010e   Code   RO         3241    .text               c_w.l(__printf_wp.o)
    0x080003a6   0x080003a6   0x00000002   PAD
    0x080003a8   0x080003a8   0x0000003c   Code   RO         3256    .text               c_w.l(__0sscanf.o)
    0x080003e4   0x080003e4   0x0000004e   Code   RO         3258    .text               c_w.l(rt_memclr_w.o)
    0x08000432   0x08000432   0x00000006   Code   RO         3260    .text               c_w.l(heapauxi.o)
    0x08000438   0x08000438   0x00000016   Code   RO         3311    .text               c_w.l(_rserrno.o)
    0x0800044e   0x0800044e   0x000000b2   Code   RO         3313    .text               c_w.l(_printf_intcommon.o)
    0x08000500   0x08000500   0x0000041e   Code   RO         3315    .text               c_w.l(_printf_fp_dec.o)
    0x0800091e   0x0800091e   0x00000002   PAD
    0x08000920   0x08000920   0x00000030   Code   RO         3317    .text               c_w.l(_printf_char_common.o)
    0x08000950   0x08000950   0x0000000a   Code   RO         3319    .text               c_w.l(_sputc.o)
    0x0800095a   0x0800095a   0x00000002   PAD
    0x0800095c   0x0800095c   0x000004f8   Code   RO         3322    .text               c_w.l(scanf_fp.o)
    0x08000e54   0x08000e54   0x0000002c   Code   RO         3324    .text               c_w.l(scanf_char.o)
    0x08000e80   0x08000e80   0x00000040   Code   RO         3326    .text               c_w.l(_sgetc.o)
    0x08000ec0   0x08000ec0   0x000000a4   Code   RO         3328    .text               c_w.l(strtod.o)
    0x08000f64   0x08000f64   0x00000008   Code   RO         3363    .text               c_w.l(rt_locale_intlibspace.o)
    0x08000f6c   0x08000f6c   0x00000008   Code   RO         3368    .text               c_w.l(rt_errno_addr_intlibspace.o)
    0x08000f74   0x08000f74   0x0000008a   Code   RO         3370    .text               c_w.l(lludiv10.o)
    0x08000ffe   0x08000ffe   0x00000012   Code   RO         3372    .text               c_w.l(isspace.o)
    0x08001010   0x08001010   0x00000080   Code   RO         3374    .text               c_w.l(_printf_fp_infnan.o)
    0x08001090   0x08001090   0x00000374   Code   RO         3378    .text               c_w.l(_scanf.o)
    0x08001404   0x08001404   0x000000e4   Code   RO         3380    .text               c_w.l(bigflt0.o)
    0x080014e8   0x080014e8   0x00000008   Code   RO         3430    .text               c_w.l(libspace.o)
    0x080014f0   0x080014f0   0x0000004a   Code   RO         3433    .text               c_w.l(sys_stackheap_outer.o)
    0x0800153a   0x0800153a   0x00000002   PAD
    0x0800153c   0x0800153c   0x00000010   Code   RO         3435    .text               c_w.l(rt_ctype_table.o)
    0x0800154c   0x0800154c   0x00000320   Code   RO         3437    .text               c_w.l(scanf_hexfp.o)
    0x0800186c   0x0800186c   0x00000134   Code   RO         3439    .text               c_w.l(scanf_infnan.o)
    0x080019a0   0x080019a0   0x00000012   Code   RO         3441    .text               c_w.l(exit.o)
    0x080019b2   0x080019b2   0x00000002   PAD
    0x080019b4   0x080019b4   0x00000080   Code   RO         3443    .text               c_w.l(strcmpv7m.o)
    0x08001a34   0x08001a34   0x00000026   Code   RO         3508    .text               c_w.l(llshl.o)
    0x08001a5a   0x08001a5a   0x0000001c   Code   RO         3510    .text               c_w.l(_chval.o)
    0x08001a76   0x08001a76   0x00000002   PAD
    0x08001a78   0x08001a78   0x0000000c   Code   RO         3563    .text               c_w.l(sys_exit.o)
    0x08001a84   0x08001a84   0x00000002   Code   RO         3586    .text               c_w.l(use_no_semi.o)
    0x08001a86   0x08001a86   0x00000000   Code   RO         3588    .text               c_w.l(indicate_semi.o)
    0x08001a86   0x08001a86   0x0000003e   Code   RO         3383    CL$$btod_d2e        c_w.l(btod.o)
    0x08001ac4   0x08001ac4   0x00000046   Code   RO         3385    CL$$btod_d2e_denorm_low  c_w.l(btod.o)
    0x08001b0a   0x08001b0a   0x00000060   Code   RO         3384    CL$$btod_d2e_norm_op1  c_w.l(btod.o)
    0x08001b6a   0x08001b6a   0x00000338   Code   RO         3393    CL$$btod_div_common  c_w.l(btod.o)
    0x08001ea2   0x08001ea2   0x00000002   PAD
    0x08001ea4   0x08001ea4   0x00000084   Code   RO         3391    CL$$btod_e2d        c_w.l(btod.o)
    0x08001f28   0x08001f28   0x000000dc   Code   RO         3390    CL$$btod_e2e        c_w.l(btod.o)
    0x08002004   0x08002004   0x0000002a   Code   RO         3387    CL$$btod_ediv       c_w.l(btod.o)
    0x0800202e   0x0800202e   0x0000002a   Code   RO         3389    CL$$btod_edivd      c_w.l(btod.o)
    0x08002058   0x08002058   0x0000002a   Code   RO         3386    CL$$btod_emul       c_w.l(btod.o)
    0x08002082   0x08002082   0x0000002a   Code   RO         3388    CL$$btod_emuld      c_w.l(btod.o)
    0x080020ac   0x080020ac   0x00000244   Code   RO         3392    CL$$btod_mult_common  c_w.l(btod.o)
    0x080022f0   0x080022f0   0x00000056   Code   RO          431    i.ADC_ConversionStop_Disable  stm32f1xx_hal_adc.o
    0x08002346   0x08002346   0x00000002   PAD
    0x08002348   0x08002348   0x0000007c   Code   RO          435    i.ADC_Enable        stm32f1xx_hal_adc.o
    0x080023c4   0x080023c4   0x00000044   Code   RO           13    i.ADC_Read_Manual   main.o
    0x08002408   0x08002408   0x00000002   Code   RO          229    i.BusFault_Handler  stm32f1xx_it.o
    0x0800240a   0x0800240a   0x00000002   PAD
    0x0800240c   0x0800240c   0x00000034   Code   RO           14    i.Convert_ADC_to_Amper  main.o
    0x08002440   0x08002440   0x00000002   Code   RO          230    i.DebugMon_Handler  stm32f1xx_it.o
    0x08002442   0x08002442   0x00000006   Code   RO          231    i.EXTI2_IRQHandler  stm32f1xx_it.o
    0x08002448   0x08002448   0x0000000c   Code   RO         3132    i.Encoder_GetDistance  encoder.o
    0x08002454   0x08002454   0x00000018   Code   RO         3134    i.Encoder_Init      encoder.o
    0x0800246c   0x0800246c   0x00000018   Code   RO         3135    i.Encoder_SetZero   encoder.o
    0x08002484   0x08002484   0x00000030   Code   RO         3136    i.Encoder_Update    encoder.o
    0x080024b4   0x080024b4   0x000000fc   Code   RO          437    i.HAL_ADC_ConfigChannel  stm32f1xx_hal_adc.o
    0x080025b0   0x080025b0   0x00000006   Code   RO          444    i.HAL_ADC_GetValue  stm32f1xx_hal_adc.o
    0x080025b6   0x080025b6   0x00000002   PAD
    0x080025b8   0x080025b8   0x0000011c   Code   RO          446    i.HAL_ADC_Init      stm32f1xx_hal_adc.o
    0x080026d4   0x080026d4   0x00000094   Code   RO          318    i.HAL_ADC_MspInit   stm32f1xx_hal_msp.o
    0x08002768   0x08002768   0x0000013c   Code   RO          450    i.HAL_ADC_PollForConversion  stm32f1xx_hal_adc.o
    0x080028a4   0x080028a4   0x000000c0   Code   RO          452    i.HAL_ADC_Start     stm32f1xx_hal_adc.o
    0x08002964   0x08002964   0x00000034   Code   RO          455    i.HAL_ADC_Stop      stm32f1xx_hal_adc.o
    0x08002998   0x08002998   0x00000046   Code   RO         1088    i.HAL_DMA_Abort     stm32f1xx_hal_dma.o
    0x080029de   0x080029de   0x00000002   PAD
    0x080029e0   0x080029e0   0x00000098   Code   RO         1089    i.HAL_DMA_Abort_IT  stm32f1xx_hal_dma.o
    0x08002a78   0x08002a78   0x00000024   Code   RO          714    i.HAL_Delay         stm32f1xx_hal.o
    0x08002a9c   0x08002a9c   0x00000002   Code   RO         1022    i.HAL_GPIO_EXTI_Callback  stm32f1xx_hal_gpio.o
    0x08002a9e   0x08002a9e   0x00000002   PAD
    0x08002aa0   0x08002aa0   0x00000018   Code   RO         1023    i.HAL_GPIO_EXTI_IRQHandler  stm32f1xx_hal_gpio.o
    0x08002ab8   0x08002ab8   0x000001e0   Code   RO         1024    i.HAL_GPIO_Init     stm32f1xx_hal_gpio.o
    0x08002c98   0x08002c98   0x0000000a   Code   RO         1028    i.HAL_GPIO_WritePin  stm32f1xx_hal_gpio.o
    0x08002ca2   0x08002ca2   0x00000002   PAD
    0x08002ca4   0x08002ca4   0x0000000c   Code   RO          718    i.HAL_GetTick       stm32f1xx_hal.o
    0x08002cb0   0x08002cb0   0x00000010   Code   RO          724    i.HAL_IncTick       stm32f1xx_hal.o
    0x08002cc0   0x08002cc0   0x00000024   Code   RO          725    i.HAL_Init          stm32f1xx_hal.o
    0x08002ce4   0x08002ce4   0x00000040   Code   RO          726    i.HAL_InitTick      stm32f1xx_hal.o
    0x08002d24   0x08002d24   0x0000003c   Code   RO          319    i.HAL_MspInit       stm32f1xx_hal_msp.o
    0x08002d60   0x08002d60   0x0000001a   Code   RO         1184    i.HAL_NVIC_EnableIRQ  stm32f1xx_hal_cortex.o
    0x08002d7a   0x08002d7a   0x00000002   PAD
    0x08002d7c   0x08002d7c   0x00000040   Code   RO         1190    i.HAL_NVIC_SetPriority  stm32f1xx_hal_cortex.o
    0x08002dbc   0x08002dbc   0x00000024   Code   RO         1191    i.HAL_NVIC_SetPriorityGrouping  stm32f1xx_hal_cortex.o
    0x08002de0   0x08002de0   0x000000a4   Code   RO          985    i.HAL_RCCEx_GetPeriphCLKFreq  stm32f1xx_hal_rcc_ex.o
    0x08002e84   0x08002e84   0x000000ec   Code   RO          986    i.HAL_RCCEx_PeriphCLKConfig  stm32f1xx_hal_rcc_ex.o
    0x08002f70   0x08002f70   0x0000012c   Code   RO          882    i.HAL_RCC_ClockConfig  stm32f1xx_hal_rcc.o
    0x0800309c   0x0800309c   0x00000020   Code   RO          889    i.HAL_RCC_GetPCLK1Freq  stm32f1xx_hal_rcc.o
    0x080030bc   0x080030bc   0x00000020   Code   RO          890    i.HAL_RCC_GetPCLK2Freq  stm32f1xx_hal_rcc.o
    0x080030dc   0x080030dc   0x0000004c   Code   RO          891    i.HAL_RCC_GetSysClockFreq  stm32f1xx_hal_rcc.o
    0x08003128   0x08003128   0x00000320   Code   RO          894    i.HAL_RCC_OscConfig  stm32f1xx_hal_rcc.o
    0x08003448   0x08003448   0x00000028   Code   RO         1195    i.HAL_SYSTICK_Config  stm32f1xx_hal_cortex.o
    0x08003470   0x08003470   0x00000068   Code   RO         2409    i.HAL_TIMEx_MasterConfigSynchronization  stm32f1xx_hal_tim_ex.o
    0x080034d8   0x080034d8   0x0000005a   Code   RO         1686    i.HAL_TIM_Base_Init  stm32f1xx_hal_tim.o
    0x08003532   0x08003532   0x00000002   PAD
    0x08003534   0x08003534   0x00000024   Code   RO          321    i.HAL_TIM_Base_MspInit  stm32f1xx_hal_msp.o
    0x08003558   0x08003558   0x00000058   Code   RO         1691    i.HAL_TIM_Base_Start_IT  stm32f1xx_hal_tim.o
    0x080035b0   0x080035b0   0x000000dc   Code   RO         1695    i.HAL_TIM_ConfigClockSource  stm32f1xx_hal_tim.o
    0x0800368c   0x0800368c   0x000000a4   Code   RO         1707    i.HAL_TIM_Encoder_Init  stm32f1xx_hal_tim.o
    0x08003730   0x08003730   0x00000054   Code   RO          323    i.HAL_TIM_Encoder_MspInit  stm32f1xx_hal_msp.o
    0x08003784   0x08003784   0x0000008e   Code   RO         1710    i.HAL_TIM_Encoder_Start  stm32f1xx_hal_tim.o
    0x08003812   0x08003812   0x00000002   PAD
    0x08003814   0x08003814   0x00000048   Code   RO          324    i.HAL_TIM_MspPostInit  stm32f1xx_hal_msp.o
    0x0800385c   0x0800385c   0x000000cc   Code   RO         1758    i.HAL_TIM_PWM_ConfigChannel  stm32f1xx_hal_tim.o
    0x08003928   0x08003928   0x0000005a   Code   RO         1761    i.HAL_TIM_PWM_Init  stm32f1xx_hal_tim.o
    0x08003982   0x08003982   0x00000002   Code   RO         1763    i.HAL_TIM_PWM_MspInit  stm32f1xx_hal_tim.o
    0x08003984   0x08003984   0x0000009c   Code   RO         1766    i.HAL_TIM_PWM_Start  stm32f1xx_hal_tim.o
    0x08003a20   0x08003a20   0x00000002   Code   RO         2669    i.HAL_UARTEx_RxEventCallback  stm32f1xx_hal_uart.o
    0x08003a22   0x08003a22   0x00000002   Code   RO         2683    i.HAL_UART_ErrorCallback  stm32f1xx_hal_uart.o
    0x08003a24   0x08003a24   0x0000026c   Code   RO         2686    i.HAL_UART_IRQHandler  stm32f1xx_hal_uart.o
    0x08003c90   0x08003c90   0x00000064   Code   RO         2687    i.HAL_UART_Init     stm32f1xx_hal_uart.o
    0x08003cf4   0x08003cf4   0x00000080   Code   RO          326    i.HAL_UART_MspInit  stm32f1xx_hal_msp.o
    0x08003d74   0x08003d74   0x0000001c   Code   RO         2692    i.HAL_UART_Receive_IT  stm32f1xx_hal_uart.o
    0x08003d90   0x08003d90   0x00000028   Code   RO           16    i.HAL_UART_RxCpltCallback  main.o
    0x08003db8   0x08003db8   0x000000a0   Code   RO         2695    i.HAL_UART_Transmit  stm32f1xx_hal_uart.o
    0x08003e58   0x08003e58   0x00000002   Code   RO         2698    i.HAL_UART_TxCpltCallback  stm32f1xx_hal_uart.o
    0x08003e5a   0x08003e5a   0x00000002   Code   RO          232    i.HardFault_Handler  stm32f1xx_it.o
    0x08003e5c   0x08003e5c   0x0000001c   Code   RO         3058    i.Init_Motor        motor.o
    0x08003e78   0x08003e78   0x00000050   Code   RO           17    i.MX_ADC1_Init      main.o
    0x08003ec8   0x08003ec8   0x00000050   Code   RO           18    i.MX_ADC2_Init      main.o
    0x08003f18   0x08003f18   0x000000c0   Code   RO           19    i.MX_GPIO_Init      main.o
    0x08003fd8   0x08003fd8   0x000000a8   Code   RO           20    i.MX_TIM2_Init      main.o
    0x08004080   0x08004080   0x0000006c   Code   RO           21    i.MX_TIM4_Init      main.o
    0x080040ec   0x080040ec   0x00000002   Code   RO          233    i.MemManage_Handler  stm32f1xx_it.o
    0x080040ee   0x080040ee   0x00000002   PAD
    0x080040f0   0x080040f0   0x00000030   Code   RO         3059    i.Motor_Backward    motor.o
    0x08004120   0x08004120   0x00000030   Code   RO         3060    i.Motor_Forward     motor.o
    0x08004150   0x08004150   0x00000014   Code   RO         3061    i.Motor_Stop        motor.o
    0x08004164   0x08004164   0x0000002c   Code   RO         3104    i.Motor_handle      motor_logic.o
    0x08004190   0x08004190   0x00000002   Code   RO          234    i.NMI_Handler       stm32f1xx_it.o
    0x08004192   0x08004192   0x000000a8   Code   RO         3185    i.PID_Compute       pid.o
    0x0800423a   0x0800423a   0x00000024   Code   RO         3186    i.PID_Init          pid.o
    0x0800425e   0x0800425e   0x0000000a   Code   RO         3187    i.PID_Reset         pid.o
    0x08004268   0x08004268   0x00000002   Code   RO          235    i.PendSV_Handler    stm32f1xx_it.o
    0x0800426a   0x0800426a   0x00000002   Code   RO          236    i.SVC_Handler       stm32f1xx_it.o
    0x0800426c   0x0800426c   0x00000004   Code   RO          237    i.SysTick_Handler   stm32f1xx_it.o
    0x08004270   0x08004270   0x00000078   Code   RO           22    i.SystemClock_Config  main.o
    0x080042e8   0x080042e8   0x00000002   Code   RO         3021    i.SystemInit        system_stm32f1xx.o
    0x080042ea   0x080042ea   0x00000002   PAD
    0x080042ec   0x080042ec   0x00000078   Code   RO         1779    i.TIM_Base_SetConfig  stm32f1xx_hal_tim.o
    0x08004364   0x08004364   0x0000001a   Code   RO         1780    i.TIM_CCxChannelCmd  stm32f1xx_hal_tim.o
    0x0800437e   0x0800437e   0x00000014   Code   RO         1790    i.TIM_ETR_SetConfig  stm32f1xx_hal_tim.o
    0x08004392   0x08004392   0x00000010   Code   RO         1791    i.TIM_ITRx_SetConfig  stm32f1xx_hal_tim.o
    0x080043a2   0x080043a2   0x00000002   PAD
    0x080043a4   0x080043a4   0x00000050   Code   RO         1792    i.TIM_OC1_SetConfig  stm32f1xx_hal_tim.o
    0x080043f4   0x080043f4   0x00000058   Code   RO         1793    i.TIM_OC2_SetConfig  stm32f1xx_hal_tim.o
    0x0800444c   0x0800444c   0x00000058   Code   RO         1794    i.TIM_OC3_SetConfig  stm32f1xx_hal_tim.o
    0x080044a4   0x080044a4   0x00000044   Code   RO         1795    i.TIM_OC4_SetConfig  stm32f1xx_hal_tim.o
    0x080044e8   0x080044e8   0x00000022   Code   RO         1797    i.TIM_TI1_ConfigInputStage  stm32f1xx_hal_tim.o
    0x0800450a   0x0800450a   0x00000024   Code   RO         1799    i.TIM_TI2_ConfigInputStage  stm32f1xx_hal_tim.o
    0x0800452e   0x0800452e   0x00000010   Code   RO         2700    i.UART_DMAAbortOnError  stm32f1xx_hal_uart.o
    0x0800453e   0x0800453e   0x0000004e   Code   RO         2710    i.UART_EndRxTransfer  stm32f1xx_hal_uart.o
    0x0800458c   0x0800458c   0x000000c2   Code   RO         2712    i.UART_Receive_IT   stm32f1xx_hal_uart.o
    0x0800464e   0x0800464e   0x00000002   PAD
    0x08004650   0x08004650   0x000000b8   Code   RO         2713    i.UART_SetConfig    stm32f1xx_hal_uart.o
    0x08004708   0x08004708   0x00000036   Code   RO         2715    i.UART_Start_Receive_IT  stm32f1xx_hal_uart.o
    0x0800473e   0x0800473e   0x00000072   Code   RO         2716    i.UART_WaitOnFlagUntilTimeout  stm32f1xx_hal_uart.o
    0x080047b0   0x080047b0   0x0000000c   Code   RO          238    i.USART1_IRQHandler  stm32f1xx_it.o
    0x080047bc   0x080047bc   0x00000064   Code   RO           23    i.Update_CurrentFeedback  main.o
    0x08004820   0x08004820   0x00000002   Code   RO          239    i.UsageFault_Handler  stm32f1xx_it.o
    0x08004822   0x08004822   0x00000028   Code   RO         3422    i.__ARM_fpclassify  m_ws.l(fpclassify.o)
    0x0800484a   0x0800484a   0x00000020   Code   RO         1197    i.__NVIC_SetPriority  stm32f1xx_hal_cortex.o
    0x0800486a   0x0800486a   0x0000000e   Code   RO         3550    i.__mathlib_dbl_overflow  m_ws.l(dunder.o)
    0x08004878   0x08004878   0x00000010   Code   RO         3552    i.__mathlib_dbl_underflow  m_ws.l(dunder.o)
    0x08004888   0x08004888   0x00000010   Code   RO         3424    i.__mathlib_narrow  m_ws.l(narrow.o)
    0x08004898   0x08004898   0x000000bc   Code   RO         3425    i.__mathlib_tofloat  m_ws.l(narrow.o)
    0x08004954   0x08004954   0x00000016   Code   RO         3522    i.__support_ldexp   m_ws.l(ldexp.o)
    0x0800496a   0x0800496a   0x0000000e   Code   RO         3243    i._is_digit         c_w.l(__printf_wp.o)
    0x08004978   0x08004978   0x0000002a   Code   RO         3307    i.atof              m_ws.l(atof.o)
    0x080049a2   0x080049a2   0x00000002   PAD
    0x080049a4   0x080049a4   0x00000058   Code   RO         3503    i.frexp             m_ws.l(frexp.o)
    0x080049fc   0x080049fc   0x000000b0   Code   RO           24    i.handle_simple_command  main.o
    0x08004aac   0x08004aac   0x00000074   Code   RO         3523    i.ldexp             m_ws.l(ldexp.o)
    0x08004b20   0x08004b20   0x000002b8   Code   RO           25    i.main              main.o
    0x08004dd8   0x08004dd8   0x0000002c   Code   RO         3406    locale$$code        c_w.l(lc_numeric_c.o)
    0x08004e04   0x08004e04   0x0000002c   Code   RO         3513    locale$$code        c_w.l(lc_ctype_c.o)
    0x08004e30   0x08004e30   0x00000062   Code   RO         3264    x$fpl$d2f           fz_ws.l(d2f.o)
    0x08004e92   0x08004e92   0x00000002   PAD
    0x08004e94   0x08004e94   0x00000010   Code   RO         3544    x$fpl$dcheck1       fz_ws.l(dcheck1.o)
    0x08004ea4   0x08004ea4   0x00000018   Code   RO         3330    x$fpl$dcmpinf       fz_ws.l(dcmpi.o)
    0x08004ebc   0x08004ebc   0x00000078   Code   RO         3496    x$fpl$deqf          fz_ws.l(deqf.o)
    0x08004f34   0x08004f34   0x0000005a   Code   RO         3266    x$fpl$dfixu         fz_ws.l(dfixu.o)
    0x08004f8e   0x08004f8e   0x00000002   PAD
    0x08004f90   0x08004f90   0x00000078   Code   RO         3270    x$fpl$dleqf         fz_ws.l(dleqf.o)
    0x08005008   0x08005008   0x0000009c   Code   RO         3332    x$fpl$dnaninf       fz_ws.l(dnaninf.o)
    0x080050a4   0x080050a4   0x0000000c   Code   RO         3334    x$fpl$dretinf       fz_ws.l(dretinf.o)
    0x080050b0   0x080050b0   0x0000006c   Code   RO         3498    x$fpl$drleqf        fz_ws.l(drleqf.o)
    0x0800511c   0x0800511c   0x00000056   Code   RO         3272    x$fpl$f2d           fz_ws.l(f2d.o)
    0x08005172   0x08005172   0x00000002   PAD
    0x08005174   0x08005174   0x000000c4   Code   RO         3274    x$fpl$fadd          fz_ws.l(faddsub_clz.o)
    0x08005238   0x08005238   0x0000000c   Code   RO         3336    x$fpl$fcheck1       fz_ws.l(fcheck1.o)
    0x08005244   0x08005244   0x00000018   Code   RO         3338    x$fpl$fcmpinf       fz_ws.l(fcmpi.o)
    0x0800525c   0x0800525c   0x00000184   Code   RO         3281    x$fpl$fdiv          fz_ws.l(fdiv.o)
    0x080053e0   0x080053e0   0x0000003e   Code   RO         3284    x$fpl$ffixu         fz_ws.l(ffixu.o)
    0x0800541e   0x0800541e   0x00000002   PAD
    0x08005420   0x08005420   0x00000030   Code   RO         3289    x$fpl$fflt          fz_ws.l(fflt_clz.o)
    0x08005450   0x08005450   0x00000026   Code   RO         3288    x$fpl$ffltu         fz_ws.l(fflt_clz.o)
    0x08005476   0x08005476   0x00000002   PAD
    0x08005478   0x08005478   0x00000068   Code   RO         3294    x$fpl$fleqf         fz_ws.l(fleqf.o)
    0x080054e0   0x080054e0   0x00000102   Code   RO         3296    x$fpl$fmul          fz_ws.l(fmul.o)
    0x080055e2   0x080055e2   0x0000008c   Code   RO         3340    x$fpl$fnaninf       fz_ws.l(fnaninf.o)
    0x0800566e   0x0800566e   0x0000000a   Code   RO         3342    x$fpl$fretinf       fz_ws.l(fretinf.o)
    0x08005678   0x08005678   0x00000062   Code   RO         3298    x$fpl$frleqf        fz_ws.l(frleqf.o)
    0x080056da   0x080056da   0x00000002   PAD
    0x080056dc   0x080056dc   0x000000ea   Code   RO         3276    x$fpl$fsub          fz_ws.l(faddsub_clz.o)
    0x080057c6   0x080057c6   0x00000006   Code   RO         3412    x$fpl$ieeestatus    fz_ws.l(istatus.o)
    0x080057cc   0x080057cc   0x00000004   Code   RO         3300    x$fpl$printf1       fz_ws.l(printf1.o)
    0x080057d0   0x080057d0   0x00000064   Code   RO         3414    x$fpl$retnan        fz_ws.l(retnan.o)
    0x08005834   0x08005834   0x0000005c   Code   RO         3519    x$fpl$scalbn        fz_ws.l(scalbn.o)
    0x08005890   0x08005890   0x0000004c   Code   RO         3302    x$fpl$scalbnf       fz_ws.l(scalbnf.o)
    0x080058dc   0x080058dc   0x00000004   Code   RO         3304    x$fpl$scanf1        fz_ws.l(scanf1.o)
    0x080058e0   0x080058e0   0x00000008   Code   RO         3416    x$fpl$scanf2        fz_ws.l(scanf2.o)
    0x080058e8   0x080058e8   0x00000030   Code   RO         3500    x$fpl$trapveneer    fz_ws.l(trapv.o)
    0x08005918   0x08005918   0x00000000   Code   RO         3344    x$fpl$usenofp       fz_ws.l(usenofp.o)
    0x08005918   0x08005918   0x00000012   Data   RO          895    .constdata          stm32f1xx_hal_rcc.o
    0x0800592a   0x0800592a   0x00000012   Data   RO          987    .constdata          stm32f1xx_hal_rcc_ex.o
    0x0800593c   0x0800593c   0x00000010   Data   RO         3022    .constdata          system_stm32f1xx.o
    0x0800594c   0x0800594c   0x00000008   Data   RO         3023    .constdata          system_stm32f1xx.o
    0x08005954   0x08005954   0x00000094   Data   RO         3381    .constdata          c_w.l(bigflt0.o)
    0x080059e8   0x080059e8   0x00000020   Data   RO         3635    Region$$Table       anon$$obj.o
    0x08005a08   0x08005a08   0x00000008   Data   RO         3408    c$$dinf             fz_ws.l(fpconst.o)
    0x08005a10   0x08005a10   0x00000008   Data   RO         3411    c$$dmax             fz_ws.l(fpconst.o)
    0x08005a18   0x08005a18   0x0000001c   Data   RO         3405    locale$$data        c_w.l(lc_numeric_c.o)
    0x08005a34   0x08005a34   0x00000110   Data   RO         3512    locale$$data        c_w.l(lc_ctype_c.o)


    Execution Region RW_IRAM1 (Exec base: 0x20000000, Load base: 0x08005b44, Size: 0x00000880, Max: 0x00005000, ABSOLUTE)

    Exec Addr    Load Addr    Size         Type   Attr      Idx    E Section Name        Object

    0x20000000   0x08005b44   0x0000003c   Data   RW           29    .data               main.o
    0x2000003c   0x08005b80   0x0000000c   Data   RW          732    .data               stm32f1xx_hal.o
    0x20000048   0x08005b8c   0x00000004   Data   RW         3024    .data               system_stm32f1xx.o
    0x2000004c   0x08005b90   0x00000010   Data   RW         3137    .data               encoder.o
    0x2000005c        -       0x000001c0   Zero   RW           27    .bss                main.o
    0x2000021c        -       0x00000060   Zero   RW         3431    .bss                c_w.l(libspace.o)
    0x2000027c   0x08005ba0   0x00000004   PAD
    0x20000280        -       0x00000200   Zero   RW            2    HEAP                startup_stm32f103xb.o
    0x20000480        -       0x00000400   Zero   RW            1    STACK               startup_stm32f103xb.o


==============================================================================

Image component sizes


      Code (inc. data)   RO Data    RW Data    ZI Data      Debug   Object Name

       108         28          0         16          0       2260   encoder.o
      1880        168          0         60        448     450445   main.o
       144         28          0          0          0       1763   motor.o
        44         10          0          0          0        435   motor_logic.o
       214          0          0          0          0       2529   pid.o
        64         26        236          0       1536        780   startup_stm32f103xb.o
       164         28          0         12          0       5665   stm32f1xx_hal.o
      1312         54          0          0          0       6971   stm32f1xx_hal_adc.o
       198         14          0          0          0      28767   stm32f1xx_hal_cortex.o
       222          4          0          0          0       1683   stm32f1xx_hal_dma.o
       516         40          0          0          0       3852   stm32f1xx_hal_gpio.o
       528         70          0          0          0       4042   stm32f1xx_hal_msp.o
      1240         84         18          0          0       4944   stm32f1xx_hal_rcc.o
       400         28         18          0          0       2381   stm32f1xx_hal_rcc_ex.o
      1732         56          0          0          0      14347   stm32f1xx_hal_tim.o
       104         12          0          0          0       1300   stm32f1xx_hal_tim_ex.o
      1554         10          0          0          0      10540   stm32f1xx_hal_uart.o
        38          6          0          0          0       4421   stm32f1xx_it.o
         2          0         24          4          0       1031   system_stm32f1xx.o

    ----------------------------------------------------------------------
     10490        666        328         92       1984     548156   Object Totals
         0          0         32          0          0          0   (incl. Generated)
        26          0          0          0          0          0   (incl. Padding)

    ----------------------------------------------------------------------

      Code (inc. data)   RO Data    RW Data    ZI Data      Debug   Library Member Name

        60          8          0          0          0         84   __0sscanf.o
        44          6          0          0          0         84   __2sprintf.o
         8          0          0          0          0         68   __main.o
       284          0          0          0          0        156   __printf_wp.o
         0          0          0          0          0          0   __rtentry.o
        12          0          0          0          0          0   __rtentry2.o
         6          0          0          0          0          0   __rtentry4.o
        52          8          0          0          0          0   __scatter.o
        26          0          0          0          0          0   __scatter_copy.o
        28          0          0          0          0          0   __scatter_zi.o
        28          0          0          0          0         68   _chval.o
        48          6          0          0          0         96   _printf_char_common.o
         6          0          0          0          0          0   _printf_d.o
       120         16          0          0          0         92   _printf_dec.o
         6          0          0          0          0          0   _printf_f.o
      1054          0          0          0          0        216   _printf_fp_dec.o
       128         16          0          0          0         84   _printf_fp_infnan.o
       178          0          0          0          0         88   _printf_intcommon.o
         0          0          0          0          0          0   _printf_percent.o
         4          0          0          0          0          0   _printf_percent_end.o
        22          0          0          0          0        100   _rserrno.o
       884          6          0          0          0        100   _scanf.o
        64          0          0          0          0         84   _sgetc.o
        10          0          0          0          0         68   _sputc.o
       228          4        148          0          0         96   bigflt0.o
      2152        136          0          0          0        960   btod.o
        18          0          0          0          0         80   exit.o
         6          0          0          0          0        152   heapauxi.o
         0          0          0          0          0          0   indicate_semi.o
        18          0          0          0          0         76   isspace.o
        44         10        272          0          0         76   lc_ctype_c.o
        44         10         28          0          0         76   lc_numeric_c.o
         2          0          0          0          0          0   libinit.o
        30          0          0          0          0          0   libinit2.o
         2          0          0          0          0          0   libshutdown.o
         2          0          0          0          0          0   libshutdown2.o
         8          4          0          0         96         68   libspace.o
        38          0          0          0          0         68   llshl.o
       138          0          0          0          0         80   lludiv10.o
        16          4          0          0          0         76   rt_ctype_table.o
         8          4          0          0          0         68   rt_errno_addr_intlibspace.o
         8          4          0          0          0         68   rt_locale_intlibspace.o
        78          0          0          0          0         80   rt_memclr_w.o
         2          0          0          0          0          0   rtexit.o
        10          0          0          0          0          0   rtexit2.o
        44          8          0          0          0         84   scanf_char.o
      1272         16          0          0          0        168   scanf_fp.o
       800         14          0          0          0        100   scanf_hexfp.o
       308         16          0          0          0        100   scanf_infnan.o
       128          0          0          0          0         68   strcmpv7m.o
       164         14          0          0          0        120   strtod.o
        12          4          0          0          0         68   sys_exit.o
        74          0          0          0          0         80   sys_stackheap_outer.o
         2          0          0          0          0         68   use_no_semi.o
        98          4          0          0          0         92   d2f.o
        16          4          0          0          0         68   dcheck1.o
        24          0          0          0          0         68   dcmpi.o
       120          4          0          0          0         92   deqf.o
        90          4          0          0          0         92   dfixu.o
       120          4          0          0          0         92   dleqf.o
       156          4          0          0          0         92   dnaninf.o
        12          0          0          0          0         68   dretinf.o
       108          0          0          0          0         80   drleqf.o
        86          4          0          0          0         84   f2d.o
       430          8          0          0          0        168   faddsub_clz.o
        12          4          0          0          0         68   fcheck1.o
        24          0          0          0          0         68   fcmpi.o
       388         76          0          0          0         96   fdiv.o
        62          4          0          0          0         84   ffixu.o
        86          0          0          0          0        136   fflt_clz.o
       104          4          0          0          0         84   fleqf.o
       258          4          0          0          0         84   fmul.o
       140          4          0          0          0         84   fnaninf.o
         0          0         16          0          0          0   fpconst.o
        10          0          0          0          0         68   fretinf.o
        98          0          0          0          0         68   frleqf.o
         6          0          0          0          0         68   istatus.o
         4          0          0          0          0         68   printf1.o
       100          0          0          0          0         68   retnan.o
        92          0          0          0          0         68   scalbn.o
        76          0          0          0          0         68   scalbnf.o
         4          0          0          0          0         68   scanf1.o
         8          0          0          0          0         84   scanf2.o
        48          0          0          0          0         68   trapv.o
         0          0          0          0          0          0   usenofp.o
        42          0          0          0          0         84   atof.o
        30          6          0          0          0        136   dunder.o
        40          0          0          0          0         68   fpclassify.o
        88          8          0          0          0         76   frexp.o
       138          0          0          0          0        160   ldexp.o
       204          4          0          0          0        168   narrow.o

    ----------------------------------------------------------------------
     12082        466        464          0        100       7356   Library Totals
        32          2          0          0          4          0   (incl. Padding)

    ----------------------------------------------------------------------

      Code (inc. data)   RO Data    RW Data    ZI Data      Debug   Library Name

      8728        314        448          0         96       4268   c_w.l
      2780        132         16          0          0       2396   fz_ws.l
       542         18          0          0          0        692   m_ws.l

    ----------------------------------------------------------------------
     12082        466        464          0        100       7356   Library Totals

    ----------------------------------------------------------------------

==============================================================================


      Code (inc. data)   RO Data    RW Data    ZI Data      Debug   

     22572       1132        792         92       2084     545888   Grand Totals
     22572       1132        792         92       2084     545888   ELF Image Totals
     22572       1132        792         92          0          0   ROM Totals

==============================================================================

    Total RO  Size (Code + RO Data)                23364 (  22.82kB)
    Total RW  Size (RW Data + ZI Data)              2176 (   2.13kB)
    Total ROM Size (Code + RO Data + RW Data)      23456 (  22.91kB)

==============================================================================

