<html>
<body>
<pre>
<h1>µVision Build Log</h1>
<h2>Tool Versions:</h2>
IDE-Version: µVision V5.31.0.0
Copyright (C) 2020 ARM Ltd and ARM Germany GmbH. All rights reserved.
License Information: na PC, ana, LIC=----
 
Tool Versions:
Toolchain:       MDK-Lite  Version: 5.31.0.0
Toolchain Path:  C:\Keil_v5\ARM\ARMCC\Bin
C Compiler:      Armcc.exe V5.06 update 6 (build 750)
Assembler:       Armasm.exe V5.06 update 6 (build 750)
Linker/Locator:  ArmLink.exe V5.06 update 6 (build 750)
Library Manager: ArmAr.exe V5.06 update 6 (build 750)
Hex Converter:   FromElf.exe V5.06 update 6 (build 750)
CPU DLL:         SARMCM3.DLL V5.31.0.0
Dialog DLL:      DCM.DLL V1.17.3.0
Target DLL:      STLink\ST-LINKIII-KEIL_SWO.dll V3.0.7.0
Dialog DLL:      TCM.DLL V1.46.0.0
 
<h2>Project:</h2>
D:\stm32\motor_control\MDK-ARM\motor_control.uvprojx
Project File Date:  04/09/2026

<h2>Output:</h2>
*** Using Compiler 'V5.06 update 6 (build 750)', folder: 'C:\Keil_v5\ARM\ARMCC\Bin'
Build target 'motor_control'
compiling main.c...
../myLibrary/motor.h(14): warning:  #1-D: last line of file ends without a newline
  #endif
../myLibrary/motor_logic.h(21): warning:  #1-D: last line of file ends without a newline
  #endif
../myLibrary/Encoder.h(19): warning:  #1-D: last line of file ends without a newline
  #endif
../myLibrary/PID.h(30): warning:  #1-D: last line of file ends without a newline
  #endif
../Core/Src/main.c(166): warning:  #188-D: enumerated type mixed with another type
  						HAL_GPIO_WritePin(GPIOA, GPIO_PIN_4, 0);
../Core/Src/main.c(389): warning:  #188-D: enumerated type mixed with another type
  						HAL_GPIO_WritePin(GPIOA, GPIO_PIN_4, 1);
../Core/Src/main.c: 6 warnings, 0 errors
linking...
Program Size: Code=22572 RO-data=792 RW-data=92 ZI-data=2084  
FromELF: creating hex file...
"motor_control\motor_control.axf" - 0 Error(s), 6 Warning(s).

<h2>Software Packages used:</h2>

Package Vendor: ARM
                http://www.keil.com/pack/ARM.CMSIS.5.7.0.pack
                ARM.CMSIS.5.7.0
                CMSIS (Cortex Microcontroller Software Interface Standard)
   * Component: CORE Version: 5.4.0

Package Vendor: Keil
                https://www.keil.com/pack/Keil.STM32F1xx_DFP.2.4.1.pack
                Keil.STM32F1xx_DFP.2.4.1
                STMicroelectronics STM32F1 Series Device Support, Drivers and Examples

<h2>Collection of Component include folders:</h2>
  .\RTE\_motor_control
  C:\Users\PC\AppData\Local\Arm\Packs\ARM\CMSIS\5.7.0\CMSIS\Core\Include
  C:\Users\PC\AppData\Local\Arm\Packs\Keil\STM32F1xx_DFP\2.4.1\Device\Include

<h2>Collection of Component Files used:</h2>

   * Component: ARM::CMSIS:CORE:5.4.0
Build Time Elapsed:  00:00:01
</pre>
</body>
</html>
